Component: ARM Compiler 5.06 update 7 (build 960) Tool: armlink [4d3601]

==============================================================================

Section Cross References

    main.o(i.main) refers to implement.o(i.System_Init) for System_Init
    main.o(i.main) refers to implement.o(i.Implement) for Implement
    implement.o(i.Implement) refers to mcp4725.o(i.MCP4725_Init) for MCP4725_Init
    implement.o(i.Implement) refers to mcp4725.o(i.MCP4725_WriteData_Voltage) for MCP4725_WriteData_Voltage
    implement.o(i.System_Init) refers to gd32f10x_rcu.o(i.rcu_ahb_clock_config) for rcu_ahb_clock_config
    implement.o(i.System_Init) refers to gd32f10x_rcu.o(i.rcu_periph_clock_enable) for rcu_periph_clock_enable
    implement.o(i.System_Init) refers to systick.o(i.systick_config) for systick_config
    implement.o(i.System_Init) refers to systick.o(i.delay_1ms) for delay_1ms
    myiic.o(i.IIC_Ack) refers to gd32f10x_gpio.o(i.gpio_bit_write) for gpio_bit_write
    myiic.o(i.IIC_Ack) refers to myiic.o(i.SDA_OUT) for SDA_OUT
    myiic.o(i.IIC_Ack) refers to systick.o(i.delay_1us) for delay_1us
    myiic.o(i.IIC_Init) refers to gd32f10x_rcu.o(i.rcu_periph_clock_enable) for rcu_periph_clock_enable
    myiic.o(i.IIC_Init) refers to gd32f10x_gpio.o(i.gpio_init) for gpio_init
    myiic.o(i.IIC_NAck) refers to gd32f10x_gpio.o(i.gpio_bit_write) for gpio_bit_write
    myiic.o(i.IIC_NAck) refers to myiic.o(i.SDA_OUT) for SDA_OUT
    myiic.o(i.IIC_NAck) refers to systick.o(i.delay_1us) for delay_1us
    myiic.o(i.IIC_Read_Byte) refers to myiic.o(i.SDA_IN) for SDA_IN
    myiic.o(i.IIC_Read_Byte) refers to gd32f10x_gpio.o(i.gpio_bit_write) for gpio_bit_write
    myiic.o(i.IIC_Read_Byte) refers to systick.o(i.delay_1us) for delay_1us
    myiic.o(i.IIC_Read_Byte) refers to gd32f10x_gpio.o(i.gpio_input_bit_get) for gpio_input_bit_get
    myiic.o(i.IIC_Read_Byte) refers to myiic.o(i.IIC_NAck) for IIC_NAck
    myiic.o(i.IIC_Read_Byte) refers to myiic.o(i.IIC_Ack) for IIC_Ack
    myiic.o(i.IIC_Send_Byte) refers to myiic.o(i.SDA_OUT) for SDA_OUT
    myiic.o(i.IIC_Send_Byte) refers to gd32f10x_gpio.o(i.gpio_bit_write) for gpio_bit_write
    myiic.o(i.IIC_Send_Byte) refers to systick.o(i.delay_1us) for delay_1us
    myiic.o(i.IIC_Start) refers to myiic.o(i.SDA_OUT) for SDA_OUT
    myiic.o(i.IIC_Start) refers to gd32f10x_gpio.o(i.gpio_bit_write) for gpio_bit_write
    myiic.o(i.IIC_Start) refers to systick.o(i.delay_1us) for delay_1us
    myiic.o(i.IIC_Stop) refers to myiic.o(i.SDA_OUT) for SDA_OUT
    myiic.o(i.IIC_Stop) refers to gd32f10x_gpio.o(i.gpio_bit_write) for gpio_bit_write
    myiic.o(i.IIC_Stop) refers to systick.o(i.delay_1us) for delay_1us
    myiic.o(i.IIC_Wait_Ack) refers to myiic.o(i.SDA_IN) for SDA_IN
    myiic.o(i.IIC_Wait_Ack) refers to gd32f10x_gpio.o(i.gpio_bit_write) for gpio_bit_write
    myiic.o(i.IIC_Wait_Ack) refers to systick.o(i.delay_1us) for delay_1us
    myiic.o(i.IIC_Wait_Ack) refers to myiic.o(i.IIC_Stop) for IIC_Stop
    myiic.o(i.IIC_Wait_Ack) refers to gd32f10x_gpio.o(i.gpio_input_bit_get) for gpio_input_bit_get
    myiic.o(i.SDA_IN) refers to gd32f10x_rcu.o(i.rcu_periph_clock_enable) for rcu_periph_clock_enable
    myiic.o(i.SDA_IN) refers to gd32f10x_gpio.o(i.gpio_init) for gpio_init
    myiic.o(i.SDA_OUT) refers to gd32f10x_rcu.o(i.rcu_periph_clock_enable) for rcu_periph_clock_enable
    myiic.o(i.SDA_OUT) refers to gd32f10x_gpio.o(i.gpio_init) for gpio_init
    mcp4725.o(i.MCP4725_Init) refers to myiic.o(i.IIC_Init) for IIC_Init
    mcp4725.o(i.MCP4725_WriteData_Digital) refers to myiic.o(i.IIC_Start) for IIC_Start
    mcp4725.o(i.MCP4725_WriteData_Digital) refers to myiic.o(i.IIC_Send_Byte) for IIC_Send_Byte
    mcp4725.o(i.MCP4725_WriteData_Digital) refers to myiic.o(i.IIC_Wait_Ack) for IIC_Wait_Ack
    mcp4725.o(i.MCP4725_WriteData_Digital) refers to myiic.o(i.IIC_Stop) for IIC_Stop
    mcp4725.o(i.MCP4725_WriteData_Digital) refers to systick.o(i.delay_1ms) for delay_1ms
    mcp4725.o(i.MCP4725_WriteData_Voltage) refers to myiic.o(i.IIC_Start) for IIC_Start
    mcp4725.o(i.MCP4725_WriteData_Voltage) refers to myiic.o(i.IIC_Send_Byte) for IIC_Send_Byte
    mcp4725.o(i.MCP4725_WriteData_Voltage) refers to myiic.o(i.IIC_Wait_Ack) for IIC_Wait_Ack
    mcp4725.o(i.MCP4725_WriteData_Voltage) refers to myiic.o(i.IIC_Stop) for IIC_Stop
    mcp4725.o(i.MCP4725_WriteData_Voltage) refers to systick.o(i.delay_1ms) for delay_1ms
    systick.o(i.delay_1ms) refers to ffltui.o(.text) for __aeabi_ui2f
    systick.o(i.delay_1ms) refers to fmul.o(.text) for __aeabi_fmul
    systick.o(i.delay_1ms) refers to ffixui.o(.text) for __aeabi_f2uiz
    systick.o(i.delay_1ms) refers to systick.o(.data) for count_1ms
    systick.o(i.delay_1us) refers to ffltui.o(.text) for __aeabi_ui2f
    systick.o(i.delay_1us) refers to fmul.o(.text) for __aeabi_fmul
    systick.o(i.delay_1us) refers to ffixui.o(.text) for __aeabi_f2uiz
    systick.o(i.delay_1us) refers to systick.o(.data) for count_1us
    systick.o(i.systick_config) refers to gd32f10x_misc.o(i.systick_clksource_set) for systick_clksource_set
    systick.o(i.systick_config) refers to ffltui.o(.text) for __aeabi_ui2f
    systick.o(i.systick_config) refers to fdiv.o(.text) for __aeabi_fdiv
    systick.o(i.systick_config) refers to fmul.o(.text) for __aeabi_fmul
    systick.o(i.systick_config) refers to system_gd32f10x.o(.data) for SystemCoreClock
    systick.o(i.systick_config) refers to systick.o(.data) for count_1us
    system_gd32f10x.o(i.SystemCoreClockUpdate) refers to system_gd32f10x.o(.data) for SystemCoreClock
    system_gd32f10x.o(i.SystemInit) refers to system_gd32f10x.o(i.system_clock_config) for system_clock_config
    system_gd32f10x.o(i.system_clock_config) refers to system_gd32f10x.o(i.system_clock_108m_hxtal) for system_clock_108m_hxtal
    gd32f10x_adc.o(i.adc_deinit) refers to gd32f10x_rcu.o(i.rcu_periph_reset_enable) for rcu_periph_reset_enable
    gd32f10x_adc.o(i.adc_deinit) refers to gd32f10x_rcu.o(i.rcu_periph_reset_disable) for rcu_periph_reset_disable
    gd32f10x_bkp.o(i.bkp_deinit) refers to gd32f10x_rcu.o(i.rcu_bkp_reset_enable) for rcu_bkp_reset_enable
    gd32f10x_bkp.o(i.bkp_deinit) refers to gd32f10x_rcu.o(i.rcu_bkp_reset_disable) for rcu_bkp_reset_disable
    gd32f10x_can.o(i.can_debug_freeze_disable) refers to gd32f10x_dbg.o(i.dbg_periph_enable) for dbg_periph_enable
    gd32f10x_can.o(i.can_debug_freeze_enable) refers to gd32f10x_dbg.o(i.dbg_periph_enable) for dbg_periph_enable
    gd32f10x_can.o(i.can_deinit) refers to gd32f10x_rcu.o(i.rcu_periph_reset_enable) for rcu_periph_reset_enable
    gd32f10x_can.o(i.can_deinit) refers to gd32f10x_rcu.o(i.rcu_periph_reset_disable) for rcu_periph_reset_disable
    gd32f10x_can.o(i.can_interrupt_flag_get) refers to gd32f10x_can.o(i.can_receive_message_length_get) for can_receive_message_length_get
    gd32f10x_can.o(i.can_interrupt_flag_get) refers to gd32f10x_can.o(i.can_error_get) for can_error_get
    gd32f10x_dac.o(i.dac_deinit) refers to gd32f10x_rcu.o(i.rcu_periph_reset_enable) for rcu_periph_reset_enable
    gd32f10x_dac.o(i.dac_deinit) refers to gd32f10x_rcu.o(i.rcu_periph_reset_disable) for rcu_periph_reset_disable
    gd32f10x_dma.o(i.dma_channel_disable) refers to gd32f10x_dma.o(i.dma_periph_and_channel_check) for dma_periph_and_channel_check
    gd32f10x_dma.o(i.dma_channel_enable) refers to gd32f10x_dma.o(i.dma_periph_and_channel_check) for dma_periph_and_channel_check
    gd32f10x_dma.o(i.dma_circulation_disable) refers to gd32f10x_dma.o(i.dma_periph_and_channel_check) for dma_periph_and_channel_check
    gd32f10x_dma.o(i.dma_circulation_enable) refers to gd32f10x_dma.o(i.dma_periph_and_channel_check) for dma_periph_and_channel_check
    gd32f10x_dma.o(i.dma_deinit) refers to gd32f10x_dma.o(i.dma_periph_and_channel_check) for dma_periph_and_channel_check
    gd32f10x_dma.o(i.dma_init) refers to gd32f10x_dma.o(i.dma_periph_and_channel_check) for dma_periph_and_channel_check
    gd32f10x_dma.o(i.dma_interrupt_disable) refers to gd32f10x_dma.o(i.dma_periph_and_channel_check) for dma_periph_and_channel_check
    gd32f10x_dma.o(i.dma_interrupt_enable) refers to gd32f10x_dma.o(i.dma_periph_and_channel_check) for dma_periph_and_channel_check
    gd32f10x_dma.o(i.dma_memory_address_config) refers to gd32f10x_dma.o(i.dma_periph_and_channel_check) for dma_periph_and_channel_check
    gd32f10x_dma.o(i.dma_memory_increase_disable) refers to gd32f10x_dma.o(i.dma_periph_and_channel_check) for dma_periph_and_channel_check
    gd32f10x_dma.o(i.dma_memory_increase_enable) refers to gd32f10x_dma.o(i.dma_periph_and_channel_check) for dma_periph_and_channel_check
    gd32f10x_dma.o(i.dma_memory_to_memory_disable) refers to gd32f10x_dma.o(i.dma_periph_and_channel_check) for dma_periph_and_channel_check
    gd32f10x_dma.o(i.dma_memory_to_memory_enable) refers to gd32f10x_dma.o(i.dma_periph_and_channel_check) for dma_periph_and_channel_check
    gd32f10x_dma.o(i.dma_memory_width_config) refers to gd32f10x_dma.o(i.dma_periph_and_channel_check) for dma_periph_and_channel_check
    gd32f10x_dma.o(i.dma_periph_address_config) refers to gd32f10x_dma.o(i.dma_periph_and_channel_check) for dma_periph_and_channel_check
    gd32f10x_dma.o(i.dma_periph_increase_disable) refers to gd32f10x_dma.o(i.dma_periph_and_channel_check) for dma_periph_and_channel_check
    gd32f10x_dma.o(i.dma_periph_increase_enable) refers to gd32f10x_dma.o(i.dma_periph_and_channel_check) for dma_periph_and_channel_check
    gd32f10x_dma.o(i.dma_periph_width_config) refers to gd32f10x_dma.o(i.dma_periph_and_channel_check) for dma_periph_and_channel_check
    gd32f10x_dma.o(i.dma_priority_config) refers to gd32f10x_dma.o(i.dma_periph_and_channel_check) for dma_periph_and_channel_check
    gd32f10x_dma.o(i.dma_transfer_direction_config) refers to gd32f10x_dma.o(i.dma_periph_and_channel_check) for dma_periph_and_channel_check
    gd32f10x_dma.o(i.dma_transfer_number_config) refers to gd32f10x_dma.o(i.dma_periph_and_channel_check) for dma_periph_and_channel_check
    gd32f10x_dma.o(i.dma_transfer_number_get) refers to gd32f10x_dma.o(i.dma_periph_and_channel_check) for dma_periph_and_channel_check
    gd32f10x_fmc.o(i.fmc_bank0_erase) refers to gd32f10x_fmc.o(i.fmc_bank0_ready_wait) for fmc_bank0_ready_wait
    gd32f10x_fmc.o(i.fmc_bank0_ready_wait) refers to gd32f10x_fmc.o(i.fmc_bank0_state_get) for fmc_bank0_state_get
    gd32f10x_fmc.o(i.fmc_bank1_erase) refers to gd32f10x_fmc.o(i.fmc_bank1_ready_wait) for fmc_bank1_ready_wait
    gd32f10x_fmc.o(i.fmc_bank1_ready_wait) refers to gd32f10x_fmc.o(i.fmc_bank1_state_get) for fmc_bank1_state_get
    gd32f10x_fmc.o(i.fmc_halfword_program) refers to gd32f10x_fmc.o(i.fmc_bank0_ready_wait) for fmc_bank0_ready_wait
    gd32f10x_fmc.o(i.fmc_halfword_program) refers to gd32f10x_fmc.o(i.fmc_bank1_ready_wait) for fmc_bank1_ready_wait
    gd32f10x_fmc.o(i.fmc_mass_erase) refers to gd32f10x_fmc.o(i.fmc_bank0_ready_wait) for fmc_bank0_ready_wait
    gd32f10x_fmc.o(i.fmc_mass_erase) refers to gd32f10x_fmc.o(i.fmc_bank1_ready_wait) for fmc_bank1_ready_wait
    gd32f10x_fmc.o(i.fmc_page_erase) refers to gd32f10x_fmc.o(i.fmc_bank0_ready_wait) for fmc_bank0_ready_wait
    gd32f10x_fmc.o(i.fmc_page_erase) refers to gd32f10x_fmc.o(i.fmc_bank1_ready_wait) for fmc_bank1_ready_wait
    gd32f10x_fmc.o(i.fmc_word_program) refers to gd32f10x_fmc.o(i.fmc_bank0_ready_wait) for fmc_bank0_ready_wait
    gd32f10x_fmc.o(i.fmc_word_program) refers to gd32f10x_fmc.o(i.fmc_bank1_ready_wait) for fmc_bank1_ready_wait
    gd32f10x_fmc.o(i.ob_data_program) refers to gd32f10x_fmc.o(i.fmc_bank0_ready_wait) for fmc_bank0_ready_wait
    gd32f10x_fmc.o(i.ob_erase) refers to gd32f10x_fmc.o(i.fmc_bank0_ready_wait) for fmc_bank0_ready_wait
    gd32f10x_fmc.o(i.ob_erase) refers to gd32f10x_fmc.o(i.ob_spc_get) for ob_spc_get
    gd32f10x_fmc.o(i.ob_security_protection_config) refers to gd32f10x_fmc.o(i.fmc_bank0_ready_wait) for fmc_bank0_ready_wait
    gd32f10x_fmc.o(i.ob_user_write) refers to gd32f10x_fmc.o(i.fmc_bank0_ready_wait) for fmc_bank0_ready_wait
    gd32f10x_fmc.o(i.ob_write_protection_enable) refers to gd32f10x_fmc.o(i.fmc_bank0_ready_wait) for fmc_bank0_ready_wait
    gd32f10x_gpio.o(i.gpio_afio_deinit) refers to gd32f10x_rcu.o(i.rcu_periph_reset_enable) for rcu_periph_reset_enable
    gd32f10x_gpio.o(i.gpio_afio_deinit) refers to gd32f10x_rcu.o(i.rcu_periph_reset_disable) for rcu_periph_reset_disable
    gd32f10x_gpio.o(i.gpio_deinit) refers to gd32f10x_rcu.o(i.rcu_periph_reset_enable) for rcu_periph_reset_enable
    gd32f10x_gpio.o(i.gpio_deinit) refers to gd32f10x_rcu.o(i.rcu_periph_reset_disable) for rcu_periph_reset_disable
    gd32f10x_i2c.o(i.i2c_clock_config) refers to gd32f10x_rcu.o(i.rcu_clock_freq_get) for rcu_clock_freq_get
    gd32f10x_i2c.o(i.i2c_deinit) refers to gd32f10x_rcu.o(i.rcu_periph_reset_enable) for rcu_periph_reset_enable
    gd32f10x_i2c.o(i.i2c_deinit) refers to gd32f10x_rcu.o(i.rcu_periph_reset_disable) for rcu_periph_reset_disable
    gd32f10x_misc.o(i.nvic_irq_enable) refers to gd32f10x_misc.o(i.nvic_priority_group_set) for nvic_priority_group_set
    gd32f10x_pmu.o(i.pmu_deinit) refers to gd32f10x_rcu.o(i.rcu_periph_reset_enable) for rcu_periph_reset_enable
    gd32f10x_pmu.o(i.pmu_deinit) refers to gd32f10x_rcu.o(i.rcu_periph_reset_disable) for rcu_periph_reset_disable
    gd32f10x_pmu.o(i.pmu_to_deepsleepmode) refers to gd32f10x_pmu.o(.bss) for reg_snap
    gd32f10x_rcu.o(i.rcu_deinit) refers to gd32f10x_rcu.o(i.rcu_osci_stab_wait) for rcu_osci_stab_wait
    gd32f10x_rcu.o(i.rcu_osci_stab_wait) refers to gd32f10x_rcu.o(i.rcu_flag_get) for rcu_flag_get
    gd32f10x_rtc.o(i.rtc_alarm_config) refers to gd32f10x_rtc.o(i.rtc_configuration_mode_enter) for rtc_configuration_mode_enter
    gd32f10x_rtc.o(i.rtc_alarm_config) refers to gd32f10x_rtc.o(i.rtc_configuration_mode_exit) for rtc_configuration_mode_exit
    gd32f10x_rtc.o(i.rtc_counter_set) refers to gd32f10x_rtc.o(i.rtc_configuration_mode_enter) for rtc_configuration_mode_enter
    gd32f10x_rtc.o(i.rtc_counter_set) refers to gd32f10x_rtc.o(i.rtc_configuration_mode_exit) for rtc_configuration_mode_exit
    gd32f10x_rtc.o(i.rtc_prescaler_set) refers to gd32f10x_rtc.o(i.rtc_configuration_mode_enter) for rtc_configuration_mode_enter
    gd32f10x_rtc.o(i.rtc_prescaler_set) refers to gd32f10x_rtc.o(i.rtc_configuration_mode_exit) for rtc_configuration_mode_exit
    gd32f10x_spi.o(i.i2s_psc_config) refers to gd32f10x_rcu.o(i.rcu_clock_freq_get) for rcu_clock_freq_get
    gd32f10x_spi.o(i.spi_i2s_deinit) refers to gd32f10x_rcu.o(i.rcu_periph_reset_enable) for rcu_periph_reset_enable
    gd32f10x_spi.o(i.spi_i2s_deinit) refers to gd32f10x_rcu.o(i.rcu_periph_reset_disable) for rcu_periph_reset_disable
    gd32f10x_timer.o(i.timer_deinit) refers to gd32f10x_rcu.o(i.rcu_periph_reset_enable) for rcu_periph_reset_enable
    gd32f10x_timer.o(i.timer_deinit) refers to gd32f10x_rcu.o(i.rcu_periph_reset_disable) for rcu_periph_reset_disable
    gd32f10x_timer.o(i.timer_external_clock_mode0_config) refers to gd32f10x_timer.o(i.timer_external_trigger_config) for timer_external_trigger_config
    gd32f10x_timer.o(i.timer_external_clock_mode1_config) refers to gd32f10x_timer.o(i.timer_external_trigger_config) for timer_external_trigger_config
    gd32f10x_timer.o(i.timer_external_trigger_as_external_clock_config) refers to gd32f10x_timer.o(i.timer_input_trigger_source_select) for timer_input_trigger_source_select
    gd32f10x_timer.o(i.timer_input_capture_config) refers to gd32f10x_timer.o(i.timer_channel_input_capture_prescaler_config) for timer_channel_input_capture_prescaler_config
    gd32f10x_timer.o(i.timer_input_pwm_capture_config) refers to gd32f10x_timer.o(i.timer_channel_input_capture_prescaler_config) for timer_channel_input_capture_prescaler_config
    gd32f10x_timer.o(i.timer_internal_trigger_as_external_clock_config) refers to gd32f10x_timer.o(i.timer_input_trigger_source_select) for timer_input_trigger_source_select
    gd32f10x_usart.o(i.usart_baudrate_set) refers to gd32f10x_rcu.o(i.rcu_clock_freq_get) for rcu_clock_freq_get
    gd32f10x_usart.o(i.usart_deinit) refers to gd32f10x_rcu.o(i.rcu_periph_reset_enable) for rcu_periph_reset_enable
    gd32f10x_usart.o(i.usart_deinit) refers to gd32f10x_rcu.o(i.rcu_periph_reset_disable) for rcu_periph_reset_disable
    gd32f10x_wwdgt.o(i.wwdgt_deinit) refers to gd32f10x_rcu.o(i.rcu_periph_reset_enable) for rcu_periph_reset_enable
    gd32f10x_wwdgt.o(i.wwdgt_deinit) refers to gd32f10x_rcu.o(i.rcu_periph_reset_disable) for rcu_periph_reset_disable
    startup_gd32f10x_md.o(RESET) refers to startup_gd32f10x_md.o(STACK) for __initial_sp
    startup_gd32f10x_md.o(RESET) refers to startup_gd32f10x_md.o(.text) for Reset_Handler
    startup_gd32f10x_md.o(RESET) refers to gd32f10x_it.o(i.NMI_Handler) for NMI_Handler
    startup_gd32f10x_md.o(RESET) refers to gd32f10x_it.o(i.HardFault_Handler) for HardFault_Handler
    startup_gd32f10x_md.o(RESET) refers to gd32f10x_it.o(i.MemManage_Handler) for MemManage_Handler
    startup_gd32f10x_md.o(RESET) refers to gd32f10x_it.o(i.BusFault_Handler) for BusFault_Handler
    startup_gd32f10x_md.o(RESET) refers to gd32f10x_it.o(i.UsageFault_Handler) for UsageFault_Handler
    startup_gd32f10x_md.o(RESET) refers to gd32f10x_it.o(i.SVC_Handler) for SVC_Handler
    startup_gd32f10x_md.o(RESET) refers to gd32f10x_it.o(i.DebugMon_Handler) for DebugMon_Handler
    startup_gd32f10x_md.o(RESET) refers to gd32f10x_it.o(i.PendSV_Handler) for PendSV_Handler
    startup_gd32f10x_md.o(RESET) refers to gd32f10x_it.o(i.SysTick_Handler) for SysTick_Handler
    startup_gd32f10x_md.o(.text) refers to system_gd32f10x.o(i.SystemInit) for SystemInit
    startup_gd32f10x_md.o(.text) refers to entry.o(.ARM.Collect$$$$00000000) for __main
    entry.o(.ARM.Collect$$$$00000000) refers (Special) to entry10a.o(.ARM.Collect$$$$0000000F) for __rt_final_cpp
    entry.o(.ARM.Collect$$$$00000000) refers (Special) to entry11a.o(.ARM.Collect$$$$00000011) for __rt_final_exit
    entry.o(.ARM.Collect$$$$00000000) refers (Special) to entry12b.o(.ARM.Collect$$$$0000000E) for __rt_lib_shutdown_fini
    entry.o(.ARM.Collect$$$$00000000) refers (Special) to entry7b.o(.ARM.Collect$$$$00000008) for _main_clock
    entry.o(.ARM.Collect$$$$00000000) refers (Special) to entry8b.o(.ARM.Collect$$$$0000000A) for _main_cpp_init
    entry.o(.ARM.Collect$$$$00000000) refers (Special) to entry9a.o(.ARM.Collect$$$$0000000B) for _main_init
    entry.o(.ARM.Collect$$$$00000000) refers (Special) to entry5.o(.ARM.Collect$$$$00000004) for _main_scatterload
    entry.o(.ARM.Collect$$$$00000000) refers (Special) to entry2.o(.ARM.Collect$$$$00000001) for _main_stk
    fmul.o(.text) refers (Special) to iusefp.o(.text) for __I$use$fp
    fdiv.o(.text) refers (Special) to iusefp.o(.text) for __I$use$fp
    fdiv.o(.text) refers to fepilogue.o(.text) for _float_round
    ffltui.o(.text) refers (Special) to iusefp.o(.text) for __I$use$fp
    ffltui.o(.text) refers to fepilogue.o(.text) for _float_epilogue
    ffixui.o(.text) refers (Special) to iusefp.o(.text) for __I$use$fp
    entry2.o(.ARM.Collect$$$$00000001) refers to entry2.o(.ARM.Collect$$$$00002712) for __lit__00000000
    entry2.o(.ARM.Collect$$$$00002712) refers to startup_gd32f10x_md.o(STACK) for __initial_sp
    entry2.o(__vectab_stack_and_reset_area) refers to startup_gd32f10x_md.o(STACK) for __initial_sp
    entry2.o(__vectab_stack_and_reset_area) refers to entry.o(.ARM.Collect$$$$00000000) for __main
    entry5.o(.ARM.Collect$$$$00000004) refers to init.o(.text) for __scatterload
    entry9a.o(.ARM.Collect$$$$0000000B) refers to main.o(i.main) for main
    entry9b.o(.ARM.Collect$$$$0000000C) refers to main.o(i.main) for main
    init.o(.text) refers to entry5.o(.ARM.Collect$$$$00000004) for __main_after_scatterload


==============================================================================

Removing Unused input sections from the image.

    Removing gd32f10x_it.o(.rev16_text), (4 bytes).
    Removing gd32f10x_it.o(.revsh_text), (4 bytes).
    Removing main.o(.rev16_text), (4 bytes).
    Removing main.o(.revsh_text), (4 bytes).
    Removing implement.o(.rev16_text), (4 bytes).
    Removing implement.o(.revsh_text), (4 bytes).
    Removing myiic.o(.rev16_text), (4 bytes).
    Removing myiic.o(.revsh_text), (4 bytes).
    Removing myiic.o(i.IIC_Ack), (64 bytes).
    Removing myiic.o(i.IIC_NAck), (64 bytes).
    Removing myiic.o(i.IIC_Read_Byte), (92 bytes).
    Removing mcp4725.o(.rev16_text), (4 bytes).
    Removing mcp4725.o(.revsh_text), (4 bytes).
    Removing mcp4725.o(i.MCP4725_WriteData_Digital), (62 bytes).
    Removing mcp4725.o(.data), (2 bytes).
    Removing delay.o(.rev16_text), (4 bytes).
    Removing delay.o(.revsh_text), (4 bytes).
    Removing delay.o(i.NULL_delay), (10 bytes).
    Removing delay.o(i.RS485_delay), (18 bytes).
    Removing delay.o(i.TCP_delay), (18 bytes).
    Removing systick.o(.rev16_text), (4 bytes).
    Removing systick.o(.revsh_text), (4 bytes).
    Removing systick.o(i.SoftReset), (52 bytes).
    Removing systick.o(i.Sys_Soft_Reset), (16 bytes).
    Removing system_gd32f10x.o(.rev16_text), (4 bytes).
    Removing system_gd32f10x.o(.revsh_text), (4 bytes).
    Removing system_gd32f10x.o(i.SystemCoreClockUpdate), (140 bytes).
    Removing gd32f10x_adc.o(.rev16_text), (4 bytes).
    Removing gd32f10x_adc.o(.revsh_text), (4 bytes).
    Removing gd32f10x_adc.o(i.adc_calibration_enable), (42 bytes).
    Removing gd32f10x_adc.o(i.adc_channel_length_config), (70 bytes).
    Removing gd32f10x_adc.o(i.adc_data_alignment_config), (22 bytes).
    Removing gd32f10x_adc.o(i.adc_deinit), (88 bytes).
    Removing gd32f10x_adc.o(i.adc_disable), (10 bytes).
    Removing gd32f10x_adc.o(i.adc_discontinuous_mode_config), (76 bytes).
    Removing gd32f10x_adc.o(i.adc_dma_mode_disable), (10 bytes).
    Removing gd32f10x_adc.o(i.adc_dma_mode_enable), (10 bytes).
    Removing gd32f10x_adc.o(i.adc_enable), (18 bytes).
    Removing gd32f10x_adc.o(i.adc_external_trigger_config), (62 bytes).
    Removing gd32f10x_adc.o(i.adc_external_trigger_source_config), (48 bytes).
    Removing gd32f10x_adc.o(i.adc_flag_clear), (8 bytes).
    Removing gd32f10x_adc.o(i.adc_flag_get), (14 bytes).
    Removing gd32f10x_adc.o(i.adc_inserted_channel_config), (120 bytes).
    Removing gd32f10x_adc.o(i.adc_inserted_channel_offset_config), (36 bytes).
    Removing gd32f10x_adc.o(i.adc_inserted_data_read), (46 bytes).
    Removing gd32f10x_adc.o(i.adc_inserted_software_startconv_flag_get), (16 bytes).
    Removing gd32f10x_adc.o(i.adc_interrupt_disable), (44 bytes).
    Removing gd32f10x_adc.o(i.adc_interrupt_enable), (44 bytes).
    Removing gd32f10x_adc.o(i.adc_interrupt_flag_clear), (8 bytes).
    Removing gd32f10x_adc.o(i.adc_interrupt_flag_get), (88 bytes).
    Removing gd32f10x_adc.o(i.adc_mode_config), (28 bytes).
    Removing gd32f10x_adc.o(i.adc_regular_channel_config), (172 bytes).
    Removing gd32f10x_adc.o(i.adc_regular_data_read), (8 bytes).
    Removing gd32f10x_adc.o(i.adc_regular_software_startconv_flag_get), (16 bytes).
    Removing gd32f10x_adc.o(i.adc_software_trigger_enable), (30 bytes).
    Removing gd32f10x_adc.o(i.adc_special_function_config), (90 bytes).
    Removing gd32f10x_adc.o(i.adc_sync_mode_convert_value_read), (12 bytes).
    Removing gd32f10x_adc.o(i.adc_tempsensor_vrefint_disable), (20 bytes).
    Removing gd32f10x_adc.o(i.adc_tempsensor_vrefint_enable), (20 bytes).
    Removing gd32f10x_adc.o(i.adc_watchdog_disable), (16 bytes).
    Removing gd32f10x_adc.o(i.adc_watchdog_group_channel_enable), (64 bytes).
    Removing gd32f10x_adc.o(i.adc_watchdog_single_channel_enable), (32 bytes).
    Removing gd32f10x_adc.o(i.adc_watchdog_threshold_config), (14 bytes).
    Removing gd32f10x_bkp.o(.rev16_text), (4 bytes).
    Removing gd32f10x_bkp.o(.revsh_text), (4 bytes).
    Removing gd32f10x_bkp.o(i.bkp_data_read), (56 bytes).
    Removing gd32f10x_bkp.o(i.bkp_data_write), (52 bytes).
    Removing gd32f10x_bkp.o(i.bkp_deinit), (12 bytes).
    Removing gd32f10x_bkp.o(i.bkp_flag_clear), (20 bytes).
    Removing gd32f10x_bkp.o(i.bkp_flag_get), (24 bytes).
    Removing gd32f10x_bkp.o(i.bkp_interrupt_disable), (20 bytes).
    Removing gd32f10x_bkp.o(i.bkp_interrupt_enable), (20 bytes).
    Removing gd32f10x_bkp.o(i.bkp_interrupt_flag_clear), (20 bytes).
    Removing gd32f10x_bkp.o(i.bkp_interrupt_flag_get), (24 bytes).
    Removing gd32f10x_bkp.o(i.bkp_rtc_calibration_output_disable), (20 bytes).
    Removing gd32f10x_bkp.o(i.bkp_rtc_calibration_output_enable), (20 bytes).
    Removing gd32f10x_bkp.o(i.bkp_rtc_calibration_value_set), (28 bytes).
    Removing gd32f10x_bkp.o(i.bkp_rtc_output_select), (28 bytes).
    Removing gd32f10x_bkp.o(i.bkp_rtc_signal_output_disable), (20 bytes).
    Removing gd32f10x_bkp.o(i.bkp_rtc_signal_output_enable), (20 bytes).
    Removing gd32f10x_bkp.o(i.bkp_tamper_active_level_set), (28 bytes).
    Removing gd32f10x_bkp.o(i.bkp_tamper_detection_disable), (20 bytes).
    Removing gd32f10x_bkp.o(i.bkp_tamper_detection_enable), (20 bytes).
    Removing gd32f10x_can.o(.rev16_text), (4 bytes).
    Removing gd32f10x_can.o(.revsh_text), (4 bytes).
    Removing gd32f10x_can.o(i.can1_filter_start_bank), (56 bytes).
    Removing gd32f10x_can.o(i.can_debug_freeze_disable), (32 bytes).
    Removing gd32f10x_can.o(i.can_debug_freeze_enable), (32 bytes).
    Removing gd32f10x_can.o(i.can_deinit), (32 bytes).
    Removing gd32f10x_can.o(i.can_error_get), (12 bytes).
    Removing gd32f10x_can.o(i.can_fifo_release), (32 bytes).
    Removing gd32f10x_can.o(i.can_filter_init), (272 bytes).
    Removing gd32f10x_can.o(i.can_flag_clear), (58 bytes).
    Removing gd32f10x_can.o(i.can_flag_get), (30 bytes).
    Removing gd32f10x_can.o(i.can_init), (290 bytes).
    Removing gd32f10x_can.o(i.can_interrupt_disable), (8 bytes).
    Removing gd32f10x_can.o(i.can_interrupt_enable), (8 bytes).
    Removing gd32f10x_can.o(i.can_interrupt_flag_clear), (60 bytes).
    Removing gd32f10x_can.o(i.can_interrupt_flag_get), (116 bytes).
    Removing gd32f10x_can.o(i.can_message_receive), (228 bytes).
    Removing gd32f10x_can.o(i.can_message_transmit), (336 bytes).
    Removing gd32f10x_can.o(i.can_receive_error_number_get), (8 bytes).
    Removing gd32f10x_can.o(i.can_receive_message_length_get), (26 bytes).
    Removing gd32f10x_can.o(i.can_struct_para_init), (158 bytes).
    Removing gd32f10x_can.o(i.can_time_trigger_mode_disable), (48 bytes).
    Removing gd32f10x_can.o(i.can_time_trigger_mode_enable), (48 bytes).
    Removing gd32f10x_can.o(i.can_transmission_stop), (80 bytes).
    Removing gd32f10x_can.o(i.can_transmit_error_number_get), (10 bytes).
    Removing gd32f10x_can.o(i.can_transmit_states), (124 bytes).
    Removing gd32f10x_can.o(i.can_wakeup), (48 bytes).
    Removing gd32f10x_can.o(i.can_working_mode_set), (168 bytes).
    Removing gd32f10x_crc.o(.rev16_text), (4 bytes).
    Removing gd32f10x_crc.o(.revsh_text), (4 bytes).
    Removing gd32f10x_crc.o(i.crc_block_data_calculate), (36 bytes).
    Removing gd32f10x_crc.o(i.crc_data_register_read), (12 bytes).
    Removing gd32f10x_crc.o(i.crc_data_register_reset), (20 bytes).
    Removing gd32f10x_crc.o(i.crc_deinit), (24 bytes).
    Removing gd32f10x_crc.o(i.crc_free_data_register_read), (12 bytes).
    Removing gd32f10x_crc.o(i.crc_free_data_register_write), (12 bytes).
    Removing gd32f10x_crc.o(i.crc_single_data_calculate), (16 bytes).
    Removing gd32f10x_dac.o(.rev16_text), (4 bytes).
    Removing gd32f10x_dac.o(.revsh_text), (4 bytes).
    Removing gd32f10x_dac.o(i.dac_concurrent_data_set), (64 bytes).
    Removing gd32f10x_dac.o(i.dac_concurrent_disable), (24 bytes).
    Removing gd32f10x_dac.o(i.dac_concurrent_enable), (24 bytes).
    Removing gd32f10x_dac.o(i.dac_concurrent_output_buffer_disable), (24 bytes).
    Removing gd32f10x_dac.o(i.dac_concurrent_output_buffer_enable), (24 bytes).
    Removing gd32f10x_dac.o(i.dac_concurrent_software_trigger_disable), (20 bytes).
    Removing gd32f10x_dac.o(i.dac_concurrent_software_trigger_enable), (20 bytes).
    Removing gd32f10x_dac.o(i.dac_data_set), (88 bytes).
    Removing gd32f10x_dac.o(i.dac_deinit), (20 bytes).
    Removing gd32f10x_dac.o(i.dac_disable), (36 bytes).
    Removing gd32f10x_dac.o(i.dac_dma_disable), (36 bytes).
    Removing gd32f10x_dac.o(i.dac_dma_enable), (36 bytes).
    Removing gd32f10x_dac.o(i.dac_enable), (36 bytes).
    Removing gd32f10x_dac.o(i.dac_lfsr_noise_config), (52 bytes).
    Removing gd32f10x_dac.o(i.dac_output_buffer_disable), (36 bytes).
    Removing gd32f10x_dac.o(i.dac_output_buffer_enable), (36 bytes).
    Removing gd32f10x_dac.o(i.dac_output_value_get), (28 bytes).
    Removing gd32f10x_dac.o(i.dac_software_trigger_disable), (36 bytes).
    Removing gd32f10x_dac.o(i.dac_software_trigger_enable), (36 bytes).
    Removing gd32f10x_dac.o(i.dac_triangle_noise_config), (52 bytes).
    Removing gd32f10x_dac.o(i.dac_trigger_disable), (36 bytes).
    Removing gd32f10x_dac.o(i.dac_trigger_enable), (36 bytes).
    Removing gd32f10x_dac.o(i.dac_trigger_source_config), (52 bytes).
    Removing gd32f10x_dac.o(i.dac_wave_bit_width_config), (52 bytes).
    Removing gd32f10x_dac.o(i.dac_wave_mode_config), (52 bytes).
    Removing gd32f10x_dbg.o(.rev16_text), (4 bytes).
    Removing gd32f10x_dbg.o(.revsh_text), (4 bytes).
    Removing gd32f10x_dbg.o(i.dbg_id_get), (12 bytes).
    Removing gd32f10x_dbg.o(i.dbg_low_power_disable), (16 bytes).
    Removing gd32f10x_dbg.o(i.dbg_low_power_enable), (16 bytes).
    Removing gd32f10x_dbg.o(i.dbg_periph_disable), (16 bytes).
    Removing gd32f10x_dbg.o(i.dbg_periph_enable), (16 bytes).
    Removing gd32f10x_dbg.o(i.dbg_trace_pin_disable), (20 bytes).
    Removing gd32f10x_dbg.o(i.dbg_trace_pin_enable), (20 bytes).
    Removing gd32f10x_dbg.o(i.dbg_trace_pin_mode_set), (28 bytes).
    Removing gd32f10x_dma.o(.rev16_text), (4 bytes).
    Removing gd32f10x_dma.o(.revsh_text), (4 bytes).
    Removing gd32f10x_dma.o(i.dma_channel_disable), (50 bytes).
    Removing gd32f10x_dma.o(i.dma_channel_enable), (50 bytes).
    Removing gd32f10x_dma.o(i.dma_circulation_disable), (50 bytes).
    Removing gd32f10x_dma.o(i.dma_circulation_enable), (50 bytes).
    Removing gd32f10x_dma.o(i.dma_deinit), (112 bytes).
    Removing gd32f10x_dma.o(i.dma_flag_clear), (16 bytes).
    Removing gd32f10x_dma.o(i.dma_flag_get), (24 bytes).
    Removing gd32f10x_dma.o(i.dma_init), (302 bytes).
    Removing gd32f10x_dma.o(i.dma_interrupt_disable), (50 bytes).
    Removing gd32f10x_dma.o(i.dma_interrupt_enable), (50 bytes).
    Removing gd32f10x_dma.o(i.dma_interrupt_flag_clear), (16 bytes).
    Removing gd32f10x_dma.o(i.dma_interrupt_flag_get), (130 bytes).
    Removing gd32f10x_dma.o(i.dma_memory_address_config), (36 bytes).
    Removing gd32f10x_dma.o(i.dma_memory_increase_disable), (50 bytes).
    Removing gd32f10x_dma.o(i.dma_memory_increase_enable), (50 bytes).
    Removing gd32f10x_dma.o(i.dma_memory_to_memory_disable), (50 bytes).
    Removing gd32f10x_dma.o(i.dma_memory_to_memory_enable), (50 bytes).
    Removing gd32f10x_dma.o(i.dma_memory_width_config), (58 bytes).
    Removing gd32f10x_dma.o(i.dma_periph_address_config), (36 bytes).
    Removing gd32f10x_dma.o(i.dma_periph_and_channel_check), (24 bytes).
    Removing gd32f10x_dma.o(i.dma_periph_increase_disable), (50 bytes).
    Removing gd32f10x_dma.o(i.dma_periph_increase_enable), (50 bytes).
    Removing gd32f10x_dma.o(i.dma_periph_width_config), (58 bytes).
    Removing gd32f10x_dma.o(i.dma_priority_config), (58 bytes).
    Removing gd32f10x_dma.o(i.dma_struct_para_init), (22 bytes).
    Removing gd32f10x_dma.o(i.dma_transfer_direction_config), (84 bytes).
    Removing gd32f10x_dma.o(i.dma_transfer_number_config), (38 bytes).
    Removing gd32f10x_dma.o(i.dma_transfer_number_get), (34 bytes).
    Removing gd32f10x_enet.o(.rev16_text), (4 bytes).
    Removing gd32f10x_enet.o(.revsh_text), (4 bytes).
    Removing gd32f10x_exmc.o(.rev16_text), (4 bytes).
    Removing gd32f10x_exmc.o(.revsh_text), (4 bytes).
    Removing gd32f10x_exmc.o(i.exmc_ecc_get), (12 bytes).
    Removing gd32f10x_exmc.o(i.exmc_flag_clear), (20 bytes).
    Removing gd32f10x_exmc.o(i.exmc_flag_get), (28 bytes).
    Removing gd32f10x_exmc.o(i.exmc_interrupt_disable), (20 bytes).
    Removing gd32f10x_exmc.o(i.exmc_interrupt_enable), (20 bytes).
    Removing gd32f10x_exmc.o(i.exmc_interrupt_flag_clear), (22 bytes).
    Removing gd32f10x_exmc.o(i.exmc_interrupt_flag_get), (38 bytes).
    Removing gd32f10x_exmc.o(i.exmc_nand_deinit), (42 bytes).
    Removing gd32f10x_exmc.o(i.exmc_nand_disable), (22 bytes).
    Removing gd32f10x_exmc.o(i.exmc_nand_ecc_config), (48 bytes).
    Removing gd32f10x_exmc.o(i.exmc_nand_enable), (22 bytes).
    Removing gd32f10x_exmc.o(i.exmc_nand_init), (174 bytes).
    Removing gd32f10x_exmc.o(i.exmc_nand_struct_para_init), (54 bytes).
    Removing gd32f10x_exmc.o(i.exmc_norsram_deinit), (52 bytes).
    Removing gd32f10x_exmc.o(i.exmc_norsram_disable), (22 bytes).
    Removing gd32f10x_exmc.o(i.exmc_norsram_enable), (22 bytes).
    Removing gd32f10x_exmc.o(i.exmc_norsram_init), (268 bytes).
    Removing gd32f10x_exmc.o(i.exmc_norsram_struct_para_init), (106 bytes).
    Removing gd32f10x_exmc.o(i.exmc_pccard_deinit), (40 bytes).
    Removing gd32f10x_exmc.o(i.exmc_pccard_disable), (24 bytes).
    Removing gd32f10x_exmc.o(i.exmc_pccard_enable), (24 bytes).
    Removing gd32f10x_exmc.o(i.exmc_pccard_init), (192 bytes).
    Removing gd32f10x_exmc.o(i.exmc_pccard_struct_para_init), (60 bytes).
    Removing gd32f10x_exti.o(.rev16_text), (4 bytes).
    Removing gd32f10x_exti.o(.revsh_text), (4 bytes).
    Removing gd32f10x_exti.o(i.exti_deinit), (28 bytes).
    Removing gd32f10x_exti.o(i.exti_event_disable), (16 bytes).
    Removing gd32f10x_exti.o(i.exti_event_enable), (16 bytes).
    Removing gd32f10x_exti.o(i.exti_flag_clear), (12 bytes).
    Removing gd32f10x_exti.o(i.exti_flag_get), (24 bytes).
    Removing gd32f10x_exti.o(i.exti_init), (184 bytes).
    Removing gd32f10x_exti.o(i.exti_interrupt_disable), (16 bytes).
    Removing gd32f10x_exti.o(i.exti_interrupt_enable), (16 bytes).
    Removing gd32f10x_exti.o(i.exti_interrupt_flag_clear), (12 bytes).
    Removing gd32f10x_exti.o(i.exti_interrupt_flag_get), (36 bytes).
    Removing gd32f10x_exti.o(i.exti_software_interrupt_disable), (16 bytes).
    Removing gd32f10x_exti.o(i.exti_software_interrupt_enable), (16 bytes).
    Removing gd32f10x_fmc.o(.rev16_text), (4 bytes).
    Removing gd32f10x_fmc.o(.revsh_text), (4 bytes).
    Removing gd32f10x_fmc.o(i.fmc_bank0_erase), (68 bytes).
    Removing gd32f10x_fmc.o(i.fmc_bank0_lock), (20 bytes).
    Removing gd32f10x_fmc.o(i.fmc_bank0_ready_wait), (34 bytes).
    Removing gd32f10x_fmc.o(i.fmc_bank0_state_get), (48 bytes).
    Removing gd32f10x_fmc.o(i.fmc_bank0_unlock), (36 bytes).
    Removing gd32f10x_fmc.o(i.fmc_bank1_erase), (68 bytes).
    Removing gd32f10x_fmc.o(i.fmc_bank1_lock), (20 bytes).
    Removing gd32f10x_fmc.o(i.fmc_bank1_ready_wait), (34 bytes).
    Removing gd32f10x_fmc.o(i.fmc_bank1_state_get), (48 bytes).
    Removing gd32f10x_fmc.o(i.fmc_bank1_unlock), (36 bytes).
    Removing gd32f10x_fmc.o(i.fmc_flag_clear), (32 bytes).
    Removing gd32f10x_fmc.o(i.fmc_flag_get), (36 bytes).
    Removing gd32f10x_fmc.o(i.fmc_halfword_program), (192 bytes).
    Removing gd32f10x_fmc.o(i.fmc_interrupt_disable), (32 bytes).
    Removing gd32f10x_fmc.o(i.fmc_interrupt_enable), (32 bytes).
    Removing gd32f10x_fmc.o(i.fmc_interrupt_flag_clear), (32 bytes).
    Removing gd32f10x_fmc.o(i.fmc_interrupt_flag_get), (108 bytes).
    Removing gd32f10x_fmc.o(i.fmc_lock), (44 bytes).
    Removing gd32f10x_fmc.o(i.fmc_mass_erase), (196 bytes).
    Removing gd32f10x_fmc.o(i.fmc_page_erase), (236 bytes).
    Removing gd32f10x_fmc.o(i.fmc_unlock), (68 bytes).
    Removing gd32f10x_fmc.o(i.fmc_word_program), (192 bytes).
    Removing gd32f10x_fmc.o(i.fmc_wscnt_set), (24 bytes).
    Removing gd32f10x_fmc.o(i.ob_data_get), (16 bytes).
    Removing gd32f10x_fmc.o(i.ob_data_program), (68 bytes).
    Removing gd32f10x_fmc.o(i.ob_erase), (140 bytes).
    Removing gd32f10x_fmc.o(i.ob_lock), (20 bytes).
    Removing gd32f10x_fmc.o(i.ob_security_protection_config), (132 bytes).
    Removing gd32f10x_fmc.o(i.ob_spc_get), (24 bytes).
    Removing gd32f10x_fmc.o(i.ob_unlock), (48 bytes).
    Removing gd32f10x_fmc.o(i.ob_user_get), (16 bytes).
    Removing gd32f10x_fmc.o(i.ob_user_write), (96 bytes).
    Removing gd32f10x_fmc.o(i.ob_write_protection_enable), (168 bytes).
    Removing gd32f10x_fmc.o(i.ob_write_protection_get), (12 bytes).
    Removing gd32f10x_fwdgt.o(.rev16_text), (4 bytes).
    Removing gd32f10x_fwdgt.o(.revsh_text), (4 bytes).
    Removing gd32f10x_fwdgt.o(i.fwdgt_config), (104 bytes).
    Removing gd32f10x_fwdgt.o(i.fwdgt_counter_reload), (16 bytes).
    Removing gd32f10x_fwdgt.o(i.fwdgt_enable), (16 bytes).
    Removing gd32f10x_fwdgt.o(i.fwdgt_flag_get), (24 bytes).
    Removing gd32f10x_fwdgt.o(i.fwdgt_write_disable), (12 bytes).
    Removing gd32f10x_fwdgt.o(i.fwdgt_write_enable), (16 bytes).
    Removing gd32f10x_gpio.o(.rev16_text), (4 bytes).
    Removing gd32f10x_gpio.o(.revsh_text), (4 bytes).
    Removing gd32f10x_gpio.o(i.gpio_afio_deinit), (20 bytes).
    Removing gd32f10x_gpio.o(i.gpio_bit_reset), (4 bytes).
    Removing gd32f10x_gpio.o(i.gpio_bit_set), (4 bytes).
    Removing gd32f10x_gpio.o(i.gpio_deinit), (196 bytes).
    Removing gd32f10x_gpio.o(i.gpio_event_output_config), (28 bytes).
    Removing gd32f10x_gpio.o(i.gpio_event_output_disable), (20 bytes).
    Removing gd32f10x_gpio.o(i.gpio_event_output_enable), (20 bytes).
    Removing gd32f10x_gpio.o(i.gpio_exti_source_select), (152 bytes).
    Removing gd32f10x_gpio.o(i.gpio_input_port_get), (8 bytes).
    Removing gd32f10x_gpio.o(i.gpio_output_bit_get), (16 bytes).
    Removing gd32f10x_gpio.o(i.gpio_output_port_get), (8 bytes).
    Removing gd32f10x_gpio.o(i.gpio_pin_lock), (18 bytes).
    Removing gd32f10x_gpio.o(i.gpio_pin_remap_config), (144 bytes).
    Removing gd32f10x_gpio.o(i.gpio_port_write), (4 bytes).
    Removing gd32f10x_i2c.o(.rev16_text), (4 bytes).
    Removing gd32f10x_i2c.o(.revsh_text), (4 bytes).
    Removing gd32f10x_i2c.o(i.i2c_ack_config), (24 bytes).
    Removing gd32f10x_i2c.o(i.i2c_ackpos_config), (22 bytes).
    Removing gd32f10x_i2c.o(i.i2c_clock_config), (228 bytes).
    Removing gd32f10x_i2c.o(i.i2c_data_receive), (8 bytes).
    Removing gd32f10x_i2c.o(i.i2c_data_transmit), (6 bytes).
    Removing gd32f10x_i2c.o(i.i2c_deinit), (64 bytes).
    Removing gd32f10x_i2c.o(i.i2c_disable), (10 bytes).
    Removing gd32f10x_i2c.o(i.i2c_dma_enable), (16 bytes).
    Removing gd32f10x_i2c.o(i.i2c_dma_last_transfer_config), (16 bytes).
    Removing gd32f10x_i2c.o(i.i2c_dualaddr_disable), (10 bytes).
    Removing gd32f10x_i2c.o(i.i2c_dualaddr_enable), (12 bytes).
    Removing gd32f10x_i2c.o(i.i2c_enable), (10 bytes).
    Removing gd32f10x_i2c.o(i.i2c_flag_clear), (40 bytes).
    Removing gd32f10x_i2c.o(i.i2c_flag_get), (30 bytes).
    Removing gd32f10x_i2c.o(i.i2c_interrupt_disable), (26 bytes).
    Removing gd32f10x_i2c.o(i.i2c_interrupt_enable), (26 bytes).
    Removing gd32f10x_i2c.o(i.i2c_interrupt_flag_clear), (44 bytes).
    Removing gd32f10x_i2c.o(i.i2c_interrupt_flag_get), (92 bytes).
    Removing gd32f10x_i2c.o(i.i2c_master_addressing), (20 bytes).
    Removing gd32f10x_i2c.o(i.i2c_mode_addr_config), (28 bytes).
    Removing gd32f10x_i2c.o(i.i2c_pec_enable), (16 bytes).
    Removing gd32f10x_i2c.o(i.i2c_pec_transfer_enable), (16 bytes).
    Removing gd32f10x_i2c.o(i.i2c_pec_value_get), (10 bytes).
    Removing gd32f10x_i2c.o(i.i2c_slave_response_to_gcall_config), (16 bytes).
    Removing gd32f10x_i2c.o(i.i2c_smbus_arp_enable), (16 bytes).
    Removing gd32f10x_i2c.o(i.i2c_smbus_issue_alert), (16 bytes).
    Removing gd32f10x_i2c.o(i.i2c_smbus_type_config), (24 bytes).
    Removing gd32f10x_i2c.o(i.i2c_software_reset_config), (16 bytes).
    Removing gd32f10x_i2c.o(i.i2c_start_on_bus), (10 bytes).
    Removing gd32f10x_i2c.o(i.i2c_stop_on_bus), (10 bytes).
    Removing gd32f10x_i2c.o(i.i2c_stretch_scl_low_config), (16 bytes).
    Removing gd32f10x_misc.o(.rev16_text), (4 bytes).
    Removing gd32f10x_misc.o(.revsh_text), (4 bytes).
    Removing gd32f10x_misc.o(i.nvic_irq_disable), (24 bytes).
    Removing gd32f10x_misc.o(i.nvic_irq_enable), (172 bytes).
    Removing gd32f10x_misc.o(i.nvic_priority_group_set), (20 bytes).
    Removing gd32f10x_misc.o(i.nvic_vector_table_set), (20 bytes).
    Removing gd32f10x_misc.o(i.system_lowpower_reset), (16 bytes).
    Removing gd32f10x_misc.o(i.system_lowpower_set), (16 bytes).
    Removing gd32f10x_pmu.o(.rev16_text), (4 bytes).
    Removing gd32f10x_pmu.o(.revsh_text), (4 bytes).
    Removing gd32f10x_pmu.o(i.pmu_backup_write_disable), (20 bytes).
    Removing gd32f10x_pmu.o(i.pmu_backup_write_enable), (20 bytes).
    Removing gd32f10x_pmu.o(i.pmu_deinit), (20 bytes).
    Removing gd32f10x_pmu.o(i.pmu_flag_clear), (48 bytes).
    Removing gd32f10x_pmu.o(i.pmu_flag_get), (24 bytes).
    Removing gd32f10x_pmu.o(i.pmu_lvd_disable), (20 bytes).
    Removing gd32f10x_pmu.o(i.pmu_lvd_select), (48 bytes).
    Removing gd32f10x_pmu.o(i.pmu_to_deepsleepmode), (196 bytes).
    Removing gd32f10x_pmu.o(i.pmu_to_sleepmode), (28 bytes).
    Removing gd32f10x_pmu.o(i.pmu_to_standbymode), (52 bytes).
    Removing gd32f10x_pmu.o(i.pmu_wakeup_pin_disable), (20 bytes).
    Removing gd32f10x_pmu.o(i.pmu_wakeup_pin_enable), (20 bytes).
    Removing gd32f10x_pmu.o(.bss), (16 bytes).
    Removing gd32f10x_rcu.o(.rev16_text), (4 bytes).
    Removing gd32f10x_rcu.o(.revsh_text), (4 bytes).
    Removing gd32f10x_rcu.o(i.rcu_adc_clock_config), (72 bytes).
    Removing gd32f10x_rcu.o(i.rcu_all_reset_flag_clear), (20 bytes).
    Removing gd32f10x_rcu.o(i.rcu_apb1_clock_config), (24 bytes).
    Removing gd32f10x_rcu.o(i.rcu_apb2_clock_config), (24 bytes).
    Removing gd32f10x_rcu.o(i.rcu_bkp_reset_disable), (20 bytes).
    Removing gd32f10x_rcu.o(i.rcu_bkp_reset_enable), (20 bytes).
    Removing gd32f10x_rcu.o(i.rcu_ckout0_config), (24 bytes).
    Removing gd32f10x_rcu.o(i.rcu_clock_freq_get), (292 bytes).
    Removing gd32f10x_rcu.o(i.rcu_deepsleep_voltage_set), (16 bytes).
    Removing gd32f10x_rcu.o(i.rcu_deinit), (76 bytes).
    Removing gd32f10x_rcu.o(i.rcu_flag_get), (36 bytes).
    Removing gd32f10x_rcu.o(i.rcu_hxtal_clock_monitor_disable), (20 bytes).
    Removing gd32f10x_rcu.o(i.rcu_hxtal_clock_monitor_enable), (20 bytes).
    Removing gd32f10x_rcu.o(i.rcu_interrupt_disable), (32 bytes).
    Removing gd32f10x_rcu.o(i.rcu_interrupt_enable), (32 bytes).
    Removing gd32f10x_rcu.o(i.rcu_interrupt_flag_clear), (32 bytes).
    Removing gd32f10x_rcu.o(i.rcu_interrupt_flag_get), (36 bytes).
    Removing gd32f10x_rcu.o(i.rcu_irc8m_adjust_value_set), (28 bytes).
    Removing gd32f10x_rcu.o(i.rcu_osci_bypass_mode_disable), (92 bytes).
    Removing gd32f10x_rcu.o(i.rcu_osci_bypass_mode_enable), (92 bytes).
    Removing gd32f10x_rcu.o(i.rcu_osci_off), (32 bytes).
    Removing gd32f10x_rcu.o(i.rcu_osci_on), (32 bytes).
    Removing gd32f10x_rcu.o(i.rcu_osci_stab_wait), (224 bytes).
    Removing gd32f10x_rcu.o(i.rcu_periph_clock_disable), (32 bytes).
    Removing gd32f10x_rcu.o(i.rcu_periph_clock_sleep_disable), (32 bytes).
    Removing gd32f10x_rcu.o(i.rcu_periph_clock_sleep_enable), (32 bytes).
    Removing gd32f10x_rcu.o(i.rcu_periph_reset_disable), (32 bytes).
    Removing gd32f10x_rcu.o(i.rcu_periph_reset_enable), (32 bytes).
    Removing gd32f10x_rcu.o(i.rcu_pll_config), (32 bytes).
    Removing gd32f10x_rcu.o(i.rcu_predv0_config), (32 bytes).
    Removing gd32f10x_rcu.o(i.rcu_rtc_clock_config), (24 bytes).
    Removing gd32f10x_rcu.o(i.rcu_system_clock_source_config), (24 bytes).
    Removing gd32f10x_rcu.o(i.rcu_system_clock_source_get), (16 bytes).
    Removing gd32f10x_rcu.o(i.rcu_usb_clock_config), (24 bytes).
    Removing gd32f10x_rtc.o(.rev16_text), (4 bytes).
    Removing gd32f10x_rtc.o(.revsh_text), (4 bytes).
    Removing gd32f10x_rtc.o(i.rtc_alarm_config), (32 bytes).
    Removing gd32f10x_rtc.o(i.rtc_configuration_mode_enter), (20 bytes).
    Removing gd32f10x_rtc.o(i.rtc_configuration_mode_exit), (20 bytes).
    Removing gd32f10x_rtc.o(i.rtc_counter_get), (20 bytes).
    Removing gd32f10x_rtc.o(i.rtc_counter_set), (32 bytes).
    Removing gd32f10x_rtc.o(i.rtc_divider_get), (24 bytes).
    Removing gd32f10x_rtc.o(i.rtc_flag_clear), (16 bytes).
    Removing gd32f10x_rtc.o(i.rtc_flag_get), (24 bytes).
    Removing gd32f10x_rtc.o(i.rtc_interrupt_disable), (16 bytes).
    Removing gd32f10x_rtc.o(i.rtc_interrupt_enable), (16 bytes).
    Removing gd32f10x_rtc.o(i.rtc_interrupt_flag_clear), (16 bytes).
    Removing gd32f10x_rtc.o(i.rtc_interrupt_flag_get), (24 bytes).
    Removing gd32f10x_rtc.o(i.rtc_lwoff_wait), (20 bytes).
    Removing gd32f10x_rtc.o(i.rtc_prescaler_set), (32 bytes).
    Removing gd32f10x_rtc.o(i.rtc_register_sync_wait), (32 bytes).
    Removing gd32f10x_sdio.o(.rev16_text), (4 bytes).
    Removing gd32f10x_sdio.o(.revsh_text), (4 bytes).
    Removing gd32f10x_sdio.o(i.sdio_bus_mode_set), (28 bytes).
    Removing gd32f10x_sdio.o(i.sdio_ceata_command_completion_disable), (20 bytes).
    Removing gd32f10x_sdio.o(i.sdio_ceata_command_completion_enable), (20 bytes).
    Removing gd32f10x_sdio.o(i.sdio_ceata_command_disable), (20 bytes).
    Removing gd32f10x_sdio.o(i.sdio_ceata_command_enable), (20 bytes).
    Removing gd32f10x_sdio.o(i.sdio_ceata_interrupt_disable), (20 bytes).
    Removing gd32f10x_sdio.o(i.sdio_ceata_interrupt_enable), (20 bytes).
    Removing gd32f10x_sdio.o(i.sdio_clock_config), (36 bytes).
    Removing gd32f10x_sdio.o(i.sdio_clock_disable), (20 bytes).
    Removing gd32f10x_sdio.o(i.sdio_clock_enable), (20 bytes).
    Removing gd32f10x_sdio.o(i.sdio_command_index_get), (12 bytes).
    Removing gd32f10x_sdio.o(i.sdio_command_response_config), (44 bytes).
    Removing gd32f10x_sdio.o(i.sdio_csm_disable), (20 bytes).
    Removing gd32f10x_sdio.o(i.sdio_csm_enable), (20 bytes).
    Removing gd32f10x_sdio.o(i.sdio_data_config), (52 bytes).
    Removing gd32f10x_sdio.o(i.sdio_data_counter_get), (12 bytes).
    Removing gd32f10x_sdio.o(i.sdio_data_read), (12 bytes).
    Removing gd32f10x_sdio.o(i.sdio_data_transfer_config), (28 bytes).
    Removing gd32f10x_sdio.o(i.sdio_data_write), (12 bytes).
    Removing gd32f10x_sdio.o(i.sdio_deinit), (28 bytes).
    Removing gd32f10x_sdio.o(i.sdio_dma_disable), (20 bytes).
    Removing gd32f10x_sdio.o(i.sdio_dma_enable), (20 bytes).
    Removing gd32f10x_sdio.o(i.sdio_dsm_disable), (20 bytes).
    Removing gd32f10x_sdio.o(i.sdio_dsm_enable), (20 bytes).
    Removing gd32f10x_sdio.o(i.sdio_fifo_counter_get), (12 bytes).
    Removing gd32f10x_sdio.o(i.sdio_flag_clear), (12 bytes).
    Removing gd32f10x_sdio.o(i.sdio_flag_get), (20 bytes).
    Removing gd32f10x_sdio.o(i.sdio_hardware_clock_disable), (20 bytes).
    Removing gd32f10x_sdio.o(i.sdio_hardware_clock_enable), (20 bytes).
    Removing gd32f10x_sdio.o(i.sdio_interrupt_disable), (16 bytes).
    Removing gd32f10x_sdio.o(i.sdio_interrupt_enable), (16 bytes).
    Removing gd32f10x_sdio.o(i.sdio_interrupt_flag_clear), (12 bytes).
    Removing gd32f10x_sdio.o(i.sdio_interrupt_flag_get), (36 bytes).
    Removing gd32f10x_sdio.o(i.sdio_operation_disable), (20 bytes).
    Removing gd32f10x_sdio.o(i.sdio_operation_enable), (20 bytes).
    Removing gd32f10x_sdio.o(i.sdio_power_state_get), (12 bytes).
    Removing gd32f10x_sdio.o(i.sdio_power_state_set), (12 bytes).
    Removing gd32f10x_sdio.o(i.sdio_readwait_disable), (20 bytes).
    Removing gd32f10x_sdio.o(i.sdio_readwait_enable), (20 bytes).
    Removing gd32f10x_sdio.o(i.sdio_readwait_type_set), (40 bytes).
    Removing gd32f10x_sdio.o(i.sdio_response_get), (56 bytes).
    Removing gd32f10x_sdio.o(i.sdio_stop_readwait_disable), (20 bytes).
    Removing gd32f10x_sdio.o(i.sdio_stop_readwait_enable), (20 bytes).
    Removing gd32f10x_sdio.o(i.sdio_suspend_disable), (20 bytes).
    Removing gd32f10x_sdio.o(i.sdio_suspend_enable), (20 bytes).
    Removing gd32f10x_sdio.o(i.sdio_wait_type_set), (28 bytes).
    Removing gd32f10x_spi.o(.rev16_text), (4 bytes).
    Removing gd32f10x_spi.o(.revsh_text), (4 bytes).
    Removing gd32f10x_spi.o(i.i2s_disable), (10 bytes).
    Removing gd32f10x_spi.o(i.i2s_enable), (10 bytes).
    Removing gd32f10x_spi.o(i.i2s_init), (28 bytes).
    Removing gd32f10x_spi.o(i.i2s_psc_config), (164 bytes).
    Removing gd32f10x_spi.o(i.spi_bidirectional_transfer_config), (26 bytes).
    Removing gd32f10x_spi.o(i.spi_crc_error_clear), (10 bytes).
    Removing gd32f10x_spi.o(i.spi_crc_get), (16 bytes).
    Removing gd32f10x_spi.o(i.spi_crc_next), (10 bytes).
    Removing gd32f10x_spi.o(i.spi_crc_off), (10 bytes).
    Removing gd32f10x_spi.o(i.spi_crc_on), (10 bytes).
    Removing gd32f10x_spi.o(i.spi_crc_polynomial_get), (8 bytes).
    Removing gd32f10x_spi.o(i.spi_crc_polynomial_set), (12 bytes).
    Removing gd32f10x_spi.o(i.spi_disable), (10 bytes).
    Removing gd32f10x_spi.o(i.spi_dma_disable), (22 bytes).
    Removing gd32f10x_spi.o(i.spi_dma_enable), (22 bytes).
    Removing gd32f10x_spi.o(i.spi_enable), (10 bytes).
    Removing gd32f10x_spi.o(i.spi_i2s_data_frame_format_config), (16 bytes).
    Removing gd32f10x_spi.o(i.spi_i2s_data_receive), (8 bytes).
    Removing gd32f10x_spi.o(i.spi_i2s_data_transmit), (4 bytes).
    Removing gd32f10x_spi.o(i.spi_i2s_deinit), (88 bytes).
    Removing gd32f10x_spi.o(i.spi_i2s_flag_get), (16 bytes).
    Removing gd32f10x_spi.o(i.spi_i2s_interrupt_disable), (48 bytes).
    Removing gd32f10x_spi.o(i.spi_i2s_interrupt_enable), (48 bytes).
    Removing gd32f10x_spi.o(i.spi_i2s_interrupt_flag_get), (100 bytes).
    Removing gd32f10x_spi.o(i.spi_init), (50 bytes).
    Removing gd32f10x_spi.o(i.spi_nss_internal_high), (10 bytes).
    Removing gd32f10x_spi.o(i.spi_nss_internal_low), (10 bytes).
    Removing gd32f10x_spi.o(i.spi_nss_output_disable), (10 bytes).
    Removing gd32f10x_spi.o(i.spi_nss_output_enable), (10 bytes).
    Removing gd32f10x_spi.o(i.spi_struct_para_init), (16 bytes).
    Removing gd32f10x_timer.o(.rev16_text), (4 bytes).
    Removing gd32f10x_timer.o(.revsh_text), (4 bytes).
    Removing gd32f10x_timer.o(i.timer_auto_reload_shadow_disable), (10 bytes).
    Removing gd32f10x_timer.o(i.timer_auto_reload_shadow_enable), (10 bytes).
    Removing gd32f10x_timer.o(i.timer_automatic_output_disable), (10 bytes).
    Removing gd32f10x_timer.o(i.timer_automatic_output_enable), (10 bytes).
    Removing gd32f10x_timer.o(i.timer_autoreload_value_config), (4 bytes).
    Removing gd32f10x_timer.o(i.timer_break_config), (30 bytes).
    Removing gd32f10x_timer.o(i.timer_break_disable), (10 bytes).
    Removing gd32f10x_timer.o(i.timer_break_enable), (10 bytes).
    Removing gd32f10x_timer.o(i.timer_break_struct_para_init), (18 bytes).
    Removing gd32f10x_timer.o(i.timer_channel_capture_value_register_read), (42 bytes).
    Removing gd32f10x_timer.o(i.timer_channel_complementary_output_polarity_config), (70 bytes).
    Removing gd32f10x_timer.o(i.timer_channel_complementary_output_state_config), (70 bytes).
    Removing gd32f10x_timer.o(i.timer_channel_control_shadow_config), (24 bytes).
    Removing gd32f10x_timer.o(i.timer_channel_control_shadow_update_config), (26 bytes).
    Removing gd32f10x_timer.o(i.timer_channel_dma_request_source_select), (26 bytes).
    Removing gd32f10x_timer.o(i.timer_channel_input_capture_prescaler_config), (90 bytes).
    Removing gd32f10x_timer.o(i.timer_channel_input_struct_para_init), (16 bytes).
    Removing gd32f10x_timer.o(i.timer_channel_output_clear_config), (90 bytes).
    Removing gd32f10x_timer.o(i.timer_channel_output_config), (492 bytes).
    Removing gd32f10x_timer.o(i.timer_channel_output_fast_config), (90 bytes).
    Removing gd32f10x_timer.o(i.timer_channel_output_mode_config), (90 bytes).
    Removing gd32f10x_timer.o(i.timer_channel_output_polarity_config), (92 bytes).
    Removing gd32f10x_timer.o(i.timer_channel_output_pulse_value_config), (38 bytes).
    Removing gd32f10x_timer.o(i.timer_channel_output_shadow_config), (90 bytes).
    Removing gd32f10x_timer.o(i.timer_channel_output_state_config), (92 bytes).
    Removing gd32f10x_timer.o(i.timer_channel_output_struct_para_init), (16 bytes).
    Removing gd32f10x_timer.o(i.timer_counter_alignment), (16 bytes).
    Removing gd32f10x_timer.o(i.timer_counter_down_direction), (10 bytes).
    Removing gd32f10x_timer.o(i.timer_counter_read), (8 bytes).
    Removing gd32f10x_timer.o(i.timer_counter_up_direction), (10 bytes).
    Removing gd32f10x_timer.o(i.timer_counter_value_config), (4 bytes).
    Removing gd32f10x_timer.o(i.timer_deinit), (220 bytes).
    Removing gd32f10x_timer.o(i.timer_disable), (10 bytes).
    Removing gd32f10x_timer.o(i.timer_dma_disable), (8 bytes).
    Removing gd32f10x_timer.o(i.timer_dma_enable), (8 bytes).
    Removing gd32f10x_timer.o(i.timer_dma_transfer_config), (24 bytes).
    Removing gd32f10x_timer.o(i.timer_enable), (10 bytes).
    Removing gd32f10x_timer.o(i.timer_event_software_generate), (8 bytes).
    Removing gd32f10x_timer.o(i.timer_external_clock_mode0_config), (40 bytes).
    Removing gd32f10x_timer.o(i.timer_external_clock_mode1_config), (32 bytes).
    Removing gd32f10x_timer.o(i.timer_external_clock_mode1_disable), (10 bytes).
    Removing gd32f10x_timer.o(i.timer_external_trigger_as_external_clock_config), (166 bytes).
    Removing gd32f10x_timer.o(i.timer_external_trigger_config), (30 bytes).
    Removing gd32f10x_timer.o(i.timer_flag_clear), (6 bytes).
    Removing gd32f10x_timer.o(i.timer_flag_get), (16 bytes).
    Removing gd32f10x_timer.o(i.timer_hall_mode_config), (26 bytes).
    Removing gd32f10x_timer.o(i.timer_init), (224 bytes).
    Removing gd32f10x_timer.o(i.timer_input_capture_config), (326 bytes).
    Removing gd32f10x_timer.o(i.timer_input_pwm_capture_config), (356 bytes).
    Removing gd32f10x_timer.o(i.timer_input_trigger_source_select), (16 bytes).
    Removing gd32f10x_timer.o(i.timer_internal_clock_config), (10 bytes).
    Removing gd32f10x_timer.o(i.timer_internal_trigger_as_external_clock_config), (32 bytes).
    Removing gd32f10x_timer.o(i.timer_interrupt_disable), (8 bytes).
    Removing gd32f10x_timer.o(i.timer_interrupt_enable), (8 bytes).
    Removing gd32f10x_timer.o(i.timer_interrupt_flag_clear), (6 bytes).
    Removing gd32f10x_timer.o(i.timer_interrupt_flag_get), (24 bytes).
    Removing gd32f10x_timer.o(i.timer_master_output_trigger_source_select), (16 bytes).
    Removing gd32f10x_timer.o(i.timer_master_slave_mode_config), (26 bytes).
    Removing gd32f10x_timer.o(i.timer_prescaler_config), (16 bytes).
    Removing gd32f10x_timer.o(i.timer_prescaler_read), (10 bytes).
    Removing gd32f10x_timer.o(i.timer_primary_output_config), (24 bytes).
    Removing gd32f10x_timer.o(i.timer_quadrature_decoder_mode_config), (64 bytes).
    Removing gd32f10x_timer.o(i.timer_repetition_value_config), (4 bytes).
    Removing gd32f10x_timer.o(i.timer_single_pulse_mode_config), (26 bytes).
    Removing gd32f10x_timer.o(i.timer_slave_mode_select), (16 bytes).
    Removing gd32f10x_timer.o(i.timer_struct_para_init), (22 bytes).
    Removing gd32f10x_timer.o(i.timer_update_event_disable), (10 bytes).
    Removing gd32f10x_timer.o(i.timer_update_event_enable), (10 bytes).
    Removing gd32f10x_timer.o(i.timer_update_source_config), (26 bytes).
    Removing gd32f10x_usart.o(.rev16_text), (4 bytes).
    Removing gd32f10x_usart.o(.revsh_text), (4 bytes).
    Removing gd32f10x_usart.o(i.usart_address_config), (20 bytes).
    Removing gd32f10x_usart.o(i.usart_baudrate_set), (144 bytes).
    Removing gd32f10x_usart.o(i.usart_data_receive), (10 bytes).
    Removing gd32f10x_usart.o(i.usart_data_transmit), (8 bytes).
    Removing gd32f10x_usart.o(i.usart_deinit), (144 bytes).
    Removing gd32f10x_usart.o(i.usart_disable), (10 bytes).
    Removing gd32f10x_usart.o(i.usart_dma_receive_config), (16 bytes).
    Removing gd32f10x_usart.o(i.usart_dma_transmit_config), (16 bytes).
    Removing gd32f10x_usart.o(i.usart_enable), (10 bytes).
    Removing gd32f10x_usart.o(i.usart_flag_clear), (26 bytes).
    Removing gd32f10x_usart.o(i.usart_flag_get), (30 bytes).
    Removing gd32f10x_usart.o(i.usart_guard_time_config), (24 bytes).
    Removing gd32f10x_usart.o(i.usart_halfduplex_disable), (10 bytes).
    Removing gd32f10x_usart.o(i.usart_halfduplex_enable), (10 bytes).
    Removing gd32f10x_usart.o(i.usart_hardware_flow_cts_config), (16 bytes).
    Removing gd32f10x_usart.o(i.usart_hardware_flow_rts_config), (16 bytes).
    Removing gd32f10x_usart.o(i.usart_interrupt_disable), (26 bytes).
    Removing gd32f10x_usart.o(i.usart_interrupt_enable), (26 bytes).
    Removing gd32f10x_usart.o(i.usart_interrupt_flag_clear), (26 bytes).
    Removing gd32f10x_usart.o(i.usart_interrupt_flag_get), (56 bytes).
    Removing gd32f10x_usart.o(i.usart_irda_lowpower_config), (20 bytes).
    Removing gd32f10x_usart.o(i.usart_irda_mode_disable), (10 bytes).
    Removing gd32f10x_usart.o(i.usart_irda_mode_enable), (10 bytes).
    Removing gd32f10x_usart.o(i.usart_lin_break_detection_length_config), (20 bytes).
    Removing gd32f10x_usart.o(i.usart_lin_mode_disable), (10 bytes).
    Removing gd32f10x_usart.o(i.usart_lin_mode_enable), (10 bytes).
    Removing gd32f10x_usart.o(i.usart_mute_mode_disable), (10 bytes).
    Removing gd32f10x_usart.o(i.usart_mute_mode_enable), (10 bytes).
    Removing gd32f10x_usart.o(i.usart_mute_mode_wakeup_config), (16 bytes).
    Removing gd32f10x_usart.o(i.usart_parity_config), (16 bytes).
    Removing gd32f10x_usart.o(i.usart_prescaler_config), (16 bytes).
    Removing gd32f10x_usart.o(i.usart_receive_config), (16 bytes).
    Removing gd32f10x_usart.o(i.usart_send_break), (10 bytes).
    Removing gd32f10x_usart.o(i.usart_smartcard_mode_disable), (10 bytes).
    Removing gd32f10x_usart.o(i.usart_smartcard_mode_enable), (10 bytes).
    Removing gd32f10x_usart.o(i.usart_smartcard_mode_nack_disable), (10 bytes).
    Removing gd32f10x_usart.o(i.usart_smartcard_mode_nack_enable), (10 bytes).
    Removing gd32f10x_usart.o(i.usart_stop_bit_set), (16 bytes).
    Removing gd32f10x_usart.o(i.usart_synchronous_clock_config), (34 bytes).
    Removing gd32f10x_usart.o(i.usart_synchronous_clock_disable), (10 bytes).
    Removing gd32f10x_usart.o(i.usart_synchronous_clock_enable), (10 bytes).
    Removing gd32f10x_usart.o(i.usart_transmit_config), (16 bytes).
    Removing gd32f10x_usart.o(i.usart_word_length_set), (16 bytes).
    Removing gd32f10x_wwdgt.o(.rev16_text), (4 bytes).
    Removing gd32f10x_wwdgt.o(.revsh_text), (4 bytes).
    Removing gd32f10x_wwdgt.o(i.wwdgt_config), (56 bytes).
    Removing gd32f10x_wwdgt.o(i.wwdgt_counter_update), (28 bytes).
    Removing gd32f10x_wwdgt.o(i.wwdgt_deinit), (20 bytes).
    Removing gd32f10x_wwdgt.o(i.wwdgt_enable), (20 bytes).
    Removing gd32f10x_wwdgt.o(i.wwdgt_flag_clear), (20 bytes).
    Removing gd32f10x_wwdgt.o(i.wwdgt_flag_get), (24 bytes).
    Removing gd32f10x_wwdgt.o(i.wwdgt_interrupt_enable), (20 bytes).
    Removing startup_gd32f10x_md.o(HEAP), (8192 bytes).
    Removing jansson_config.o(i.seed_from_timestamp_and_pid), (6 bytes).

604 unused section(s) (total 31102 bytes) removed from the image.

==============================================================================

Image Symbol Table

    Local Symbols

    Symbol Name                              Value     Ov Type        Size  Object(Section)

    ../clib/microlib/init/entry.s            0x00000000   Number         0  entry.o ABSOLUTE
    ../clib/microlib/init/entry.s            0x00000000   Number         0  entry10b.o ABSOLUTE
    ../clib/microlib/init/entry.s            0x00000000   Number         0  entry9b.o ABSOLUTE
    ../clib/microlib/init/entry.s            0x00000000   Number         0  entry9a.o ABSOLUTE
    ../clib/microlib/init/entry.s            0x00000000   Number         0  entry8b.o ABSOLUTE
    ../clib/microlib/init/entry.s            0x00000000   Number         0  entry8a.o ABSOLUTE
    ../clib/microlib/init/entry.s            0x00000000   Number         0  entry7b.o ABSOLUTE
    ../clib/microlib/init/entry.s            0x00000000   Number         0  entry7a.o ABSOLUTE
    ../clib/microlib/init/entry.s            0x00000000   Number         0  entry5.o ABSOLUTE
    ../clib/microlib/init/entry.s            0x00000000   Number         0  entry2.o ABSOLUTE
    ../clib/microlib/init/entry.s            0x00000000   Number         0  entry10a.o ABSOLUTE
    ../clib/microlib/init/entry.s            0x00000000   Number         0  entry11a.o ABSOLUTE
    ../clib/microlib/init/entry.s            0x00000000   Number         0  entry11b.o ABSOLUTE
    ../clib/microlib/init/entry.s            0x00000000   Number         0  entry12a.o ABSOLUTE
    ../clib/microlib/init/entry.s            0x00000000   Number         0  entry12b.o ABSOLUTE
    ../clib/microlib/stubs.s                 0x00000000   Number         0  iusefp.o ABSOLUTE
    ../fplib/microlib/fpdiv.c                0x00000000   Number         0  fdiv.o ABSOLUTE
    ../fplib/microlib/fpepilogue.c           0x00000000   Number         0  fepilogue.o ABSOLUTE
    ../fplib/microlib/fpfix.c                0x00000000   Number         0  ffixui.o ABSOLUTE
    ../fplib/microlib/fpflt.c                0x00000000   Number         0  ffltui.o ABSOLUTE
    ../fplib/microlib/fpmul.c                0x00000000   Number         0  fmul.o ABSOLUTE
    ..\CMSIS\system_gd32f10x.c               0x00000000   Number         0  system_gd32f10x.o ABSOLUTE
    ..\Delay\Delay.c                         0x00000000   Number         0  delay.o ABSOLUTE
    ..\HardDriver\MCP4725.c                  0x00000000   Number         0  mcp4725.o ABSOLUTE
    ..\Implement\Implement.c                 0x00000000   Number         0  implement.o ABSOLUTE
    ..\Library\Source\gd32f10x_adc.c         0x00000000   Number         0  gd32f10x_adc.o ABSOLUTE
    ..\Library\Source\gd32f10x_bkp.c         0x00000000   Number         0  gd32f10x_bkp.o ABSOLUTE
    ..\Library\Source\gd32f10x_can.c         0x00000000   Number         0  gd32f10x_can.o ABSOLUTE
    ..\Library\Source\gd32f10x_crc.c         0x00000000   Number         0  gd32f10x_crc.o ABSOLUTE
    ..\Library\Source\gd32f10x_dac.c         0x00000000   Number         0  gd32f10x_dac.o ABSOLUTE
    ..\Library\Source\gd32f10x_dbg.c         0x00000000   Number         0  gd32f10x_dbg.o ABSOLUTE
    ..\Library\Source\gd32f10x_dma.c         0x00000000   Number         0  gd32f10x_dma.o ABSOLUTE
    ..\Library\Source\gd32f10x_enet.c        0x00000000   Number         0  gd32f10x_enet.o ABSOLUTE
    ..\Library\Source\gd32f10x_exmc.c        0x00000000   Number         0  gd32f10x_exmc.o ABSOLUTE
    ..\Library\Source\gd32f10x_exti.c        0x00000000   Number         0  gd32f10x_exti.o ABSOLUTE
    ..\Library\Source\gd32f10x_fmc.c         0x00000000   Number         0  gd32f10x_fmc.o ABSOLUTE
    ..\Library\Source\gd32f10x_fwdgt.c       0x00000000   Number         0  gd32f10x_fwdgt.o ABSOLUTE
    ..\Library\Source\gd32f10x_gpio.c        0x00000000   Number         0  gd32f10x_gpio.o ABSOLUTE
    ..\Library\Source\gd32f10x_i2c.c         0x00000000   Number         0  gd32f10x_i2c.o ABSOLUTE
    ..\Library\Source\gd32f10x_misc.c        0x00000000   Number         0  gd32f10x_misc.o ABSOLUTE
    ..\Library\Source\gd32f10x_pmu.c         0x00000000   Number         0  gd32f10x_pmu.o ABSOLUTE
    ..\Library\Source\gd32f10x_rcu.c         0x00000000   Number         0  gd32f10x_rcu.o ABSOLUTE
    ..\Library\Source\gd32f10x_rtc.c         0x00000000   Number         0  gd32f10x_rtc.o ABSOLUTE
    ..\Library\Source\gd32f10x_sdio.c        0x00000000   Number         0  gd32f10x_sdio.o ABSOLUTE
    ..\Library\Source\gd32f10x_spi.c         0x00000000   Number         0  gd32f10x_spi.o ABSOLUTE
    ..\Library\Source\gd32f10x_timer.c       0x00000000   Number         0  gd32f10x_timer.o ABSOLUTE
    ..\Library\Source\gd32f10x_usart.c       0x00000000   Number         0  gd32f10x_usart.o ABSOLUTE
    ..\Library\Source\gd32f10x_wwdgt.c       0x00000000   Number         0  gd32f10x_wwdgt.o ABSOLUTE
    ..\Peripheral\myiic.c                    0x00000000   Number         0  myiic.o ABSOLUTE
    ..\Startup\startup_gd32f10x_md.s         0x00000000   Number         0  startup_gd32f10x_md.o ABSOLUTE
    ..\System\systick.c                      0x00000000   Number         0  systick.o ABSOLUTE
    ..\User\gd32f10x_it.c                    0x00000000   Number         0  gd32f10x_it.o ABSOLUTE
    ..\User\main.c                           0x00000000   Number         0  main.o ABSOLUTE
    ..\\CMSIS\\system_gd32f10x.c             0x00000000   Number         0  system_gd32f10x.o ABSOLUTE
    ..\\Delay\\Delay.c                       0x00000000   Number         0  delay.o ABSOLUTE
    ..\\HardDriver\\MCP4725.c                0x00000000   Number         0  mcp4725.o ABSOLUTE
    ..\\Implement\\Implement.c               0x00000000   Number         0  implement.o ABSOLUTE
    ..\\Library\\Source\\gd32f10x_adc.c      0x00000000   Number         0  gd32f10x_adc.o ABSOLUTE
    ..\\Library\\Source\\gd32f10x_bkp.c      0x00000000   Number         0  gd32f10x_bkp.o ABSOLUTE
    ..\\Library\\Source\\gd32f10x_can.c      0x00000000   Number         0  gd32f10x_can.o ABSOLUTE
    ..\\Library\\Source\\gd32f10x_crc.c      0x00000000   Number         0  gd32f10x_crc.o ABSOLUTE
    ..\\Library\\Source\\gd32f10x_dac.c      0x00000000   Number         0  gd32f10x_dac.o ABSOLUTE
    ..\\Library\\Source\\gd32f10x_dbg.c      0x00000000   Number         0  gd32f10x_dbg.o ABSOLUTE
    ..\\Library\\Source\\gd32f10x_dma.c      0x00000000   Number         0  gd32f10x_dma.o ABSOLUTE
    ..\\Library\\Source\\gd32f10x_enet.c     0x00000000   Number         0  gd32f10x_enet.o ABSOLUTE
    ..\\Library\\Source\\gd32f10x_exmc.c     0x00000000   Number         0  gd32f10x_exmc.o ABSOLUTE
    ..\\Library\\Source\\gd32f10x_exti.c     0x00000000   Number         0  gd32f10x_exti.o ABSOLUTE
    ..\\Library\\Source\\gd32f10x_fmc.c      0x00000000   Number         0  gd32f10x_fmc.o ABSOLUTE
    ..\\Library\\Source\\gd32f10x_fwdgt.c    0x00000000   Number         0  gd32f10x_fwdgt.o ABSOLUTE
    ..\\Library\\Source\\gd32f10x_gpio.c     0x00000000   Number         0  gd32f10x_gpio.o ABSOLUTE
    ..\\Library\\Source\\gd32f10x_i2c.c      0x00000000   Number         0  gd32f10x_i2c.o ABSOLUTE
    ..\\Library\\Source\\gd32f10x_misc.c     0x00000000   Number         0  gd32f10x_misc.o ABSOLUTE
    ..\\Library\\Source\\gd32f10x_pmu.c      0x00000000   Number         0  gd32f10x_pmu.o ABSOLUTE
    ..\\Library\\Source\\gd32f10x_rcu.c      0x00000000   Number         0  gd32f10x_rcu.o ABSOLUTE
    ..\\Library\\Source\\gd32f10x_rtc.c      0x00000000   Number         0  gd32f10x_rtc.o ABSOLUTE
    ..\\Library\\Source\\gd32f10x_sdio.c     0x00000000   Number         0  gd32f10x_sdio.o ABSOLUTE
    ..\\Library\\Source\\gd32f10x_spi.c      0x00000000   Number         0  gd32f10x_spi.o ABSOLUTE
    ..\\Library\\Source\\gd32f10x_timer.c    0x00000000   Number         0  gd32f10x_timer.o ABSOLUTE
    ..\\Library\\Source\\gd32f10x_usart.c    0x00000000   Number         0  gd32f10x_usart.o ABSOLUTE
    ..\\Library\\Source\\gd32f10x_wwdgt.c    0x00000000   Number         0  gd32f10x_wwdgt.o ABSOLUTE
    ..\\Peripheral\\myiic.c                  0x00000000   Number         0  myiic.o ABSOLUTE
    ..\\System\\systick.c                    0x00000000   Number         0  systick.o ABSOLUTE
    ..\\User\\gd32f10x_it.c                  0x00000000   Number         0  gd32f10x_it.o ABSOLUTE
    ..\\User\\main.c                         0x00000000   Number         0  main.o ABSOLUTE
    RTE\Data_Exchange\jansson_config.c       0x00000000   Number         0  jansson_config.o ABSOLUTE
    dc.s                                     0x00000000   Number         0  dc.o ABSOLUTE
    handlers.s                               0x00000000   Number         0  handlers.o ABSOLUTE
    init.s                                   0x00000000   Number         0  init.o ABSOLUTE
    RESET                                    0x08000000   Section      260  startup_gd32f10x_md.o(RESET)
    .ARM.Collect$$$$00000000                 0x08000104   Section        0  entry.o(.ARM.Collect$$$$00000000)
    .ARM.Collect$$$$00000001                 0x08000104   Section        4  entry2.o(.ARM.Collect$$$$00000001)
    .ARM.Collect$$$$00000004                 0x08000108   Section        4  entry5.o(.ARM.Collect$$$$00000004)
    .ARM.Collect$$$$00000008                 0x0800010c   Section        0  entry7b.o(.ARM.Collect$$$$00000008)
    .ARM.Collect$$$$0000000A                 0x0800010c   Section        0  entry8b.o(.ARM.Collect$$$$0000000A)
    .ARM.Collect$$$$0000000B                 0x0800010c   Section        8  entry9a.o(.ARM.Collect$$$$0000000B)
    .ARM.Collect$$$$0000000E                 0x08000114   Section        4  entry12b.o(.ARM.Collect$$$$0000000E)
    .ARM.Collect$$$$0000000F                 0x08000118   Section        0  entry10a.o(.ARM.Collect$$$$0000000F)
    .ARM.Collect$$$$00000011                 0x08000118   Section        0  entry11a.o(.ARM.Collect$$$$00000011)
    .ARM.Collect$$$$00002712                 0x08000118   Section        4  entry2.o(.ARM.Collect$$$$00002712)
    __lit__00000000                          0x08000118   Data           4  entry2.o(.ARM.Collect$$$$00002712)
    .text                                    0x0800011c   Section       36  startup_gd32f10x_md.o(.text)
    .text                                    0x08000140   Section        0  fmul.o(.text)
    .text                                    0x080001a4   Section        0  fdiv.o(.text)
    .text                                    0x08000220   Section        0  ffltui.o(.text)
    .text                                    0x0800022a   Section        0  ffixui.o(.text)
    .text                                    0x08000252   Section        0  fepilogue.o(.text)
    .text                                    0x08000252   Section        0  iusefp.o(.text)
    .text                                    0x080002c0   Section       36  init.o(.text)
    i.BusFault_Handler                       0x080002e4   Section        0  gd32f10x_it.o(i.BusFault_Handler)
    i.DebugMon_Handler                       0x080002e8   Section        0  gd32f10x_it.o(i.DebugMon_Handler)
    i.HardFault_Handler                      0x080002ea   Section        0  gd32f10x_it.o(i.HardFault_Handler)
    i.IIC_Init                               0x080002f0   Section        0  myiic.o(i.IIC_Init)
    i.IIC_Send_Byte                          0x08000318   Section        0  myiic.o(i.IIC_Send_Byte)
    i.IIC_Start                              0x08000380   Section        0  myiic.o(i.IIC_Start)
    i.IIC_Stop                               0x080003c0   Section        0  myiic.o(i.IIC_Stop)
    i.IIC_Wait_Ack                           0x08000400   Section        0  myiic.o(i.IIC_Wait_Ack)
    i.Implement                              0x08000458   Section        0  implement.o(i.Implement)
    i.MCP4725_Init                           0x08000468   Section        0  mcp4725.o(i.MCP4725_Init)
    i.MCP4725_WriteData_Voltage              0x08000470   Section        0  mcp4725.o(i.MCP4725_WriteData_Voltage)
    i.MemManage_Handler                      0x080004be   Section        0  gd32f10x_it.o(i.MemManage_Handler)
    i.NMI_Handler                            0x080004c2   Section        0  gd32f10x_it.o(i.NMI_Handler)
    i.PendSV_Handler                         0x080004c4   Section        0  gd32f10x_it.o(i.PendSV_Handler)
    i.SDA_IN                                 0x080004c8   Section        0  myiic.o(i.SDA_IN)
    i.SDA_OUT                                0x080004e4   Section        0  myiic.o(i.SDA_OUT)
    i.SVC_Handler                            0x08000500   Section        0  gd32f10x_it.o(i.SVC_Handler)
    i.SysTick_Handler                        0x08000502   Section        0  gd32f10x_it.o(i.SysTick_Handler)
    i.SystemInit                             0x08000504   Section        0  system_gd32f10x.o(i.SystemInit)
    i.System_Init                            0x08000568   Section        0  implement.o(i.System_Init)
    i.UsageFault_Handler                     0x08000584   Section        0  gd32f10x_it.o(i.UsageFault_Handler)
    i.__scatterload_copy                     0x08000588   Section       14  handlers.o(i.__scatterload_copy)
    i.__scatterload_null                     0x08000596   Section        2  handlers.o(i.__scatterload_null)
    i.__scatterload_zeroinit                 0x08000598   Section       14  handlers.o(i.__scatterload_zeroinit)
    i.delay_1ms                              0x080005a8   Section        0  systick.o(i.delay_1ms)
    i.delay_1us                              0x08000608   Section        0  systick.o(i.delay_1us)
    i.gpio_bit_write                         0x08000668   Section        0  gd32f10x_gpio.o(i.gpio_bit_write)
    i.gpio_init                              0x08000672   Section        0  gd32f10x_gpio.o(i.gpio_init)
    i.gpio_input_bit_get                     0x0800071e   Section        0  gd32f10x_gpio.o(i.gpio_input_bit_get)
    i.main                                   0x0800072e   Section        0  main.o(i.main)
    i.rcu_ahb_clock_config                   0x0800073c   Section        0  gd32f10x_rcu.o(i.rcu_ahb_clock_config)
    i.rcu_periph_clock_enable                0x08000754   Section        0  gd32f10x_rcu.o(i.rcu_periph_clock_enable)
    i.system_clock_108m_hxtal                0x08000774   Section        0  system_gd32f10x.o(i.system_clock_108m_hxtal)
    system_clock_108m_hxtal                  0x08000775   Thumb Code   182  system_gd32f10x.o(i.system_clock_108m_hxtal)
    i.system_clock_config                    0x08000838   Section        0  system_gd32f10x.o(i.system_clock_config)
    system_clock_config                      0x08000839   Thumb Code     8  system_gd32f10x.o(i.system_clock_config)
    i.systick_clksource_set                  0x08000840   Section        0  gd32f10x_misc.o(i.systick_clksource_set)
    i.systick_config                         0x08000868   Section        0  systick.o(i.systick_config)
    .data                                    0x20000000   Section        8  systick.o(.data)
    count_1us                                0x20000000   Data           4  systick.o(.data)
    count_1ms                                0x20000004   Data           4  systick.o(.data)
    .data                                    0x20000008   Section        4  system_gd32f10x.o(.data)
    STACK                                    0x20000010   Section     8192  startup_gd32f10x_md.o(STACK)

    Global Symbols

    Symbol Name                              Value     Ov Type        Size  Object(Section)

    BuildAttributes$$THM_ISAv4$P$D$K$B$S$PE$A:L22UL41UL21$X:L11$S22US41US21$IEEE1$IW$USESV6$~STKCKD$USESV7$~SHL$OTIME$ROPI$EBA8$MICROLIB$REQ8$PRES8$EABIv2 0x00000000   Number         0  anon$$obj.o ABSOLUTE
    __ARM_use_no_argv                        0x00000000   Number         0  main.o ABSOLUTE
    __arm_fini_                               - Undefined Weak Reference
    __cpp_initialize__aeabi_                  - Undefined Weak Reference
    __cxa_finalize                            - Undefined Weak Reference
    __decompress                              - Undefined Weak Reference
    _clock_init                               - Undefined Weak Reference
    _microlib_exit                            - Undefined Weak Reference
    __Vectors_Size                           0x00000104   Number         0  startup_gd32f10x_md.o ABSOLUTE
    __Vectors                                0x08000000   Data           4  startup_gd32f10x_md.o(RESET)
    __Vectors_End                            0x08000104   Data           0  startup_gd32f10x_md.o(RESET)
    __main                                   0x08000105   Thumb Code     0  entry.o(.ARM.Collect$$$$00000000)
    _main_stk                                0x08000105   Thumb Code     0  entry2.o(.ARM.Collect$$$$00000001)
    _main_scatterload                        0x08000109   Thumb Code     0  entry5.o(.ARM.Collect$$$$00000004)
    __main_after_scatterload                 0x0800010d   Thumb Code     0  entry5.o(.ARM.Collect$$$$00000004)
    _main_clock                              0x0800010d   Thumb Code     0  entry7b.o(.ARM.Collect$$$$00000008)
    _main_cpp_init                           0x0800010d   Thumb Code     0  entry8b.o(.ARM.Collect$$$$0000000A)
    _main_init                               0x0800010d   Thumb Code     0  entry9a.o(.ARM.Collect$$$$0000000B)
    __rt_lib_shutdown_fini                   0x08000115   Thumb Code     0  entry12b.o(.ARM.Collect$$$$0000000E)
    __rt_final_cpp                           0x08000119   Thumb Code     0  entry10a.o(.ARM.Collect$$$$0000000F)
    __rt_final_exit                          0x08000119   Thumb Code     0  entry11a.o(.ARM.Collect$$$$00000011)
    Reset_Handler                            0x0800011d   Thumb Code     8  startup_gd32f10x_md.o(.text)
    ADC0_1_IRQHandler                        0x08000137   Thumb Code     0  startup_gd32f10x_md.o(.text)
    CAN0_EWMC_IRQHandler                     0x08000137   Thumb Code     0  startup_gd32f10x_md.o(.text)
    CAN0_RX1_IRQHandler                      0x08000137   Thumb Code     0  startup_gd32f10x_md.o(.text)
    DMA0_Channel0_IRQHandler                 0x08000137   Thumb Code     0  startup_gd32f10x_md.o(.text)
    DMA0_Channel1_IRQHandler                 0x08000137   Thumb Code     0  startup_gd32f10x_md.o(.text)
    DMA0_Channel2_IRQHandler                 0x08000137   Thumb Code     0  startup_gd32f10x_md.o(.text)
    DMA0_Channel3_IRQHandler                 0x08000137   Thumb Code     0  startup_gd32f10x_md.o(.text)
    DMA0_Channel4_IRQHandler                 0x08000137   Thumb Code     0  startup_gd32f10x_md.o(.text)
    DMA0_Channel5_IRQHandler                 0x08000137   Thumb Code     0  startup_gd32f10x_md.o(.text)
    DMA0_Channel6_IRQHandler                 0x08000137   Thumb Code     0  startup_gd32f10x_md.o(.text)
    EXMC_IRQHandler                          0x08000137   Thumb Code     0  startup_gd32f10x_md.o(.text)
    EXTI0_IRQHandler                         0x08000137   Thumb Code     0  startup_gd32f10x_md.o(.text)
    EXTI10_15_IRQHandler                     0x08000137   Thumb Code     0  startup_gd32f10x_md.o(.text)
    EXTI1_IRQHandler                         0x08000137   Thumb Code     0  startup_gd32f10x_md.o(.text)
    EXTI2_IRQHandler                         0x08000137   Thumb Code     0  startup_gd32f10x_md.o(.text)
    EXTI3_IRQHandler                         0x08000137   Thumb Code     0  startup_gd32f10x_md.o(.text)
    EXTI4_IRQHandler                         0x08000137   Thumb Code     0  startup_gd32f10x_md.o(.text)
    EXTI5_9_IRQHandler                       0x08000137   Thumb Code     0  startup_gd32f10x_md.o(.text)
    FMC_IRQHandler                           0x08000137   Thumb Code     0  startup_gd32f10x_md.o(.text)
    I2C0_ER_IRQHandler                       0x08000137   Thumb Code     0  startup_gd32f10x_md.o(.text)
    I2C0_EV_IRQHandler                       0x08000137   Thumb Code     0  startup_gd32f10x_md.o(.text)
    I2C1_ER_IRQHandler                       0x08000137   Thumb Code     0  startup_gd32f10x_md.o(.text)
    I2C1_EV_IRQHandler                       0x08000137   Thumb Code     0  startup_gd32f10x_md.o(.text)
    LVD_IRQHandler                           0x08000137   Thumb Code     0  startup_gd32f10x_md.o(.text)
    RCU_IRQHandler                           0x08000137   Thumb Code     0  startup_gd32f10x_md.o(.text)
    RTC_Alarm_IRQHandler                     0x08000137   Thumb Code     0  startup_gd32f10x_md.o(.text)
    RTC_IRQHandler                           0x08000137   Thumb Code     0  startup_gd32f10x_md.o(.text)
    SPI0_IRQHandler                          0x08000137   Thumb Code     0  startup_gd32f10x_md.o(.text)
    SPI1_IRQHandler                          0x08000137   Thumb Code     0  startup_gd32f10x_md.o(.text)
    TAMPER_IRQHandler                        0x08000137   Thumb Code     0  startup_gd32f10x_md.o(.text)
    TIMER0_BRK_IRQHandler                    0x08000137   Thumb Code     0  startup_gd32f10x_md.o(.text)
    TIMER0_Channel_IRQHandler                0x08000137   Thumb Code     0  startup_gd32f10x_md.o(.text)
    TIMER0_TRG_CMT_IRQHandler                0x08000137   Thumb Code     0  startup_gd32f10x_md.o(.text)
    TIMER0_UP_IRQHandler                     0x08000137   Thumb Code     0  startup_gd32f10x_md.o(.text)
    TIMER1_IRQHandler                        0x08000137   Thumb Code     0  startup_gd32f10x_md.o(.text)
    TIMER2_IRQHandler                        0x08000137   Thumb Code     0  startup_gd32f10x_md.o(.text)
    TIMER3_IRQHandler                        0x08000137   Thumb Code     0  startup_gd32f10x_md.o(.text)
    USART0_IRQHandler                        0x08000137   Thumb Code     0  startup_gd32f10x_md.o(.text)
    USART1_IRQHandler                        0x08000137   Thumb Code     0  startup_gd32f10x_md.o(.text)
    USART2_IRQHandler                        0x08000137   Thumb Code     0  startup_gd32f10x_md.o(.text)
    USBD_HP_CAN0_TX_IRQHandler               0x08000137   Thumb Code     0  startup_gd32f10x_md.o(.text)
    USBD_LP_CAN0_RX0_IRQHandler              0x08000137   Thumb Code     0  startup_gd32f10x_md.o(.text)
    USBD_WKUP_IRQHandler                     0x08000137   Thumb Code     0  startup_gd32f10x_md.o(.text)
    WWDGT_IRQHandler                         0x08000137   Thumb Code     0  startup_gd32f10x_md.o(.text)
    __aeabi_fmul                             0x08000141   Thumb Code   100  fmul.o(.text)
    __aeabi_fdiv                             0x080001a5   Thumb Code   124  fdiv.o(.text)
    __aeabi_ui2f                             0x08000221   Thumb Code    10  ffltui.o(.text)
    __aeabi_f2uiz                            0x0800022b   Thumb Code    40  ffixui.o(.text)
    __I$use$fp                               0x08000253   Thumb Code     0  iusefp.o(.text)
    _float_round                             0x08000253   Thumb Code    18  fepilogue.o(.text)
    _float_epilogue                          0x08000265   Thumb Code    92  fepilogue.o(.text)
    __scatterload                            0x080002c1   Thumb Code    28  init.o(.text)
    __scatterload_rt2                        0x080002c1   Thumb Code     0  init.o(.text)
    BusFault_Handler                         0x080002e5   Thumb Code     4  gd32f10x_it.o(i.BusFault_Handler)
    DebugMon_Handler                         0x080002e9   Thumb Code     2  gd32f10x_it.o(i.DebugMon_Handler)
    HardFault_Handler                        0x080002eb   Thumb Code     4  gd32f10x_it.o(i.HardFault_Handler)
    IIC_Init                                 0x080002f1   Thumb Code    36  myiic.o(i.IIC_Init)
    IIC_Send_Byte                            0x08000319   Thumb Code   100  myiic.o(i.IIC_Send_Byte)
    IIC_Start                                0x08000381   Thumb Code    60  myiic.o(i.IIC_Start)
    IIC_Stop                                 0x080003c1   Thumb Code    60  myiic.o(i.IIC_Stop)
    IIC_Wait_Ack                             0x08000401   Thumb Code    84  myiic.o(i.IIC_Wait_Ack)
    Implement                                0x08000459   Thumb Code    16  implement.o(i.Implement)
    MCP4725_Init                             0x08000469   Thumb Code     8  mcp4725.o(i.MCP4725_Init)
    MCP4725_WriteData_Voltage                0x08000471   Thumb Code    78  mcp4725.o(i.MCP4725_WriteData_Voltage)
    MemManage_Handler                        0x080004bf   Thumb Code     4  gd32f10x_it.o(i.MemManage_Handler)
    NMI_Handler                              0x080004c3   Thumb Code     2  gd32f10x_it.o(i.NMI_Handler)
    PendSV_Handler                           0x080004c5   Thumb Code     2  gd32f10x_it.o(i.PendSV_Handler)
    SDA_IN                                   0x080004c9   Thumb Code    24  myiic.o(i.SDA_IN)
    SDA_OUT                                  0x080004e5   Thumb Code    24  myiic.o(i.SDA_OUT)
    SVC_Handler                              0x08000501   Thumb Code     2  gd32f10x_it.o(i.SVC_Handler)
    SysTick_Handler                          0x08000503   Thumb Code     2  gd32f10x_it.o(i.SysTick_Handler)
    SystemInit                               0x08000505   Thumb Code    84  system_gd32f10x.o(i.SystemInit)
    System_Init                              0x08000569   Thumb Code    28  implement.o(i.System_Init)
    UsageFault_Handler                       0x08000585   Thumb Code     4  gd32f10x_it.o(i.UsageFault_Handler)
    __scatterload_copy                       0x08000589   Thumb Code    14  handlers.o(i.__scatterload_copy)
    __scatterload_null                       0x08000597   Thumb Code     2  handlers.o(i.__scatterload_null)
    __scatterload_zeroinit                   0x08000599   Thumb Code    14  handlers.o(i.__scatterload_zeroinit)
    delay_1ms                                0x080005a9   Thumb Code    90  systick.o(i.delay_1ms)
    delay_1us                                0x08000609   Thumb Code    90  systick.o(i.delay_1us)
    gpio_bit_write                           0x08000669   Thumb Code    10  gd32f10x_gpio.o(i.gpio_bit_write)
    gpio_init                                0x08000673   Thumb Code   172  gd32f10x_gpio.o(i.gpio_init)
    gpio_input_bit_get                       0x0800071f   Thumb Code    16  gd32f10x_gpio.o(i.gpio_input_bit_get)
    main                                     0x0800072f   Thumb Code    14  main.o(i.main)
    rcu_ahb_clock_config                     0x0800073d   Thumb Code    18  gd32f10x_rcu.o(i.rcu_ahb_clock_config)
    rcu_periph_clock_enable                  0x08000755   Thumb Code    28  gd32f10x_rcu.o(i.rcu_periph_clock_enable)
    systick_clksource_set                    0x08000841   Thumb Code    40  gd32f10x_misc.o(i.systick_clksource_set)
    systick_config                           0x08000869   Thumb Code    46  systick.o(i.systick_config)
    Region$$Table$$Base                      0x080008ac   Number         0  anon$$obj.o(Region$$Table)
    Region$$Table$$Limit                     0x080008cc   Number         0  anon$$obj.o(Region$$Table)
    SystemCoreClock                          0x20000008   Data           4  system_gd32f10x.o(.data)
    __initial_sp                             0x20002010   Data           0  startup_gd32f10x_md.o(STACK)



==============================================================================

Memory Map of the image

  Image Entry point : 0x08000105

  Load Region LR_IROM1 (Base: 0x08000000, Size: 0x000008d8, Max: 0x00080000, ABSOLUTE)

    Execution Region ER_IROM1 (Exec base: 0x08000000, Load base: 0x08000000, Size: 0x000008cc, Max: 0x00080000, ABSOLUTE)

    Exec Addr    Load Addr    Size         Type   Attr      Idx    E Section Name        Object

    0x08000000   0x08000000   0x00000104   Data   RO         4046    RESET               startup_gd32f10x_md.o
    0x08000104   0x08000104   0x00000000   Code   RO         4063  * .ARM.Collect$$$$00000000  mc_w.l(entry.o)
    0x08000104   0x08000104   0x00000004   Code   RO         4074    .ARM.Collect$$$$00000001  mc_w.l(entry2.o)
    0x08000108   0x08000108   0x00000004   Code   RO         4077    .ARM.Collect$$$$00000004  mc_w.l(entry5.o)
    0x0800010c   0x0800010c   0x00000000   Code   RO         4079    .ARM.Collect$$$$00000008  mc_w.l(entry7b.o)
    0x0800010c   0x0800010c   0x00000000   Code   RO         4081    .ARM.Collect$$$$0000000A  mc_w.l(entry8b.o)
    0x0800010c   0x0800010c   0x00000008   Code   RO         4082    .ARM.Collect$$$$0000000B  mc_w.l(entry9a.o)
    0x08000114   0x08000114   0x00000004   Code   RO         4089    .ARM.Collect$$$$0000000E  mc_w.l(entry12b.o)
    0x08000118   0x08000118   0x00000000   Code   RO         4084    .ARM.Collect$$$$0000000F  mc_w.l(entry10a.o)
    0x08000118   0x08000118   0x00000000   Code   RO         4086    .ARM.Collect$$$$00000011  mc_w.l(entry11a.o)
    0x08000118   0x08000118   0x00000004   Code   RO         4075    .ARM.Collect$$$$00002712  mc_w.l(entry2.o)
    0x0800011c   0x0800011c   0x00000024   Code   RO         4047    .text               startup_gd32f10x_md.o
    0x08000140   0x08000140   0x00000064   Code   RO         4066    .text               mf_w.l(fmul.o)
    0x080001a4   0x080001a4   0x0000007c   Code   RO         4068    .text               mf_w.l(fdiv.o)
    0x08000220   0x08000220   0x0000000a   Code   RO         4070    .text               mf_w.l(ffltui.o)
    0x0800022a   0x0800022a   0x00000028   Code   RO         4072    .text               mf_w.l(ffixui.o)
    0x08000252   0x08000252   0x00000000   Code   RO         4090    .text               mc_w.l(iusefp.o)
    0x08000252   0x08000252   0x0000006e   Code   RO         4091    .text               mf_w.l(fepilogue.o)
    0x080002c0   0x080002c0   0x00000024   Code   RO         4093    .text               mc_w.l(init.o)
    0x080002e4   0x080002e4   0x00000004   Code   RO            3    i.BusFault_Handler  gd32f10x_it.o
    0x080002e8   0x080002e8   0x00000002   Code   RO            4    i.DebugMon_Handler  gd32f10x_it.o
    0x080002ea   0x080002ea   0x00000004   Code   RO            5    i.HardFault_Handler  gd32f10x_it.o
    0x080002ee   0x080002ee   0x00000002   PAD
    0x080002f0   0x080002f0   0x00000028   Code   RO          285    i.IIC_Init          myiic.o
    0x08000318   0x08000318   0x00000068   Code   RO          288    i.IIC_Send_Byte     myiic.o
    0x08000380   0x08000380   0x00000040   Code   RO          289    i.IIC_Start         myiic.o
    0x080003c0   0x080003c0   0x00000040   Code   RO          290    i.IIC_Stop          myiic.o
    0x08000400   0x08000400   0x00000058   Code   RO          291    i.IIC_Wait_Ack      myiic.o
    0x08000458   0x08000458   0x00000010   Code   RO          258    i.Implement         implement.o
    0x08000468   0x08000468   0x00000008   Code   RO          358    i.MCP4725_Init      mcp4725.o
    0x08000470   0x08000470   0x0000004e   Code   RO          360    i.MCP4725_WriteData_Voltage  mcp4725.o
    0x080004be   0x080004be   0x00000004   Code   RO            6    i.MemManage_Handler  gd32f10x_it.o
    0x080004c2   0x080004c2   0x00000002   Code   RO            7    i.NMI_Handler       gd32f10x_it.o
    0x080004c4   0x080004c4   0x00000002   Code   RO            8    i.PendSV_Handler    gd32f10x_it.o
    0x080004c6   0x080004c6   0x00000002   PAD
    0x080004c8   0x080004c8   0x0000001c   Code   RO          292    i.SDA_IN            myiic.o
    0x080004e4   0x080004e4   0x0000001c   Code   RO          293    i.SDA_OUT           myiic.o
    0x08000500   0x08000500   0x00000002   Code   RO            9    i.SVC_Handler       gd32f10x_it.o
    0x08000502   0x08000502   0x00000002   Code   RO           10    i.SysTick_Handler   gd32f10x_it.o
    0x08000504   0x08000504   0x00000064   Code   RO          479    i.SystemInit        system_gd32f10x.o
    0x08000568   0x08000568   0x0000001c   Code   RO          259    i.System_Init       implement.o
    0x08000584   0x08000584   0x00000004   Code   RO           11    i.UsageFault_Handler  gd32f10x_it.o
    0x08000588   0x08000588   0x0000000e   Code   RO         4097    i.__scatterload_copy  mc_w.l(handlers.o)
    0x08000596   0x08000596   0x00000002   Code   RO         4098    i.__scatterload_null  mc_w.l(handlers.o)
    0x08000598   0x08000598   0x0000000e   Code   RO         4099    i.__scatterload_zeroinit  mc_w.l(handlers.o)
    0x080005a6   0x080005a6   0x00000002   PAD
    0x080005a8   0x080005a8   0x00000060   Code   RO          427    i.delay_1ms         systick.o
    0x08000608   0x08000608   0x00000060   Code   RO          428    i.delay_1us         systick.o
    0x08000668   0x08000668   0x0000000a   Code   RO         2016    i.gpio_bit_write    gd32f10x_gpio.o
    0x08000672   0x08000672   0x000000ac   Code   RO         2022    i.gpio_init         gd32f10x_gpio.o
    0x0800071e   0x0800071e   0x00000010   Code   RO         2023    i.gpio_input_bit_get  gd32f10x_gpio.o
    0x0800072e   0x0800072e   0x0000000e   Code   RO          238    i.main              main.o
    0x0800073c   0x0800073c   0x00000018   Code   RO         2473    i.rcu_ahb_clock_config  gd32f10x_rcu.o
    0x08000754   0x08000754   0x00000020   Code   RO         2497    i.rcu_periph_clock_enable  gd32f10x_rcu.o
    0x08000774   0x08000774   0x000000c4   Code   RO          480    i.system_clock_108m_hxtal  system_gd32f10x.o
    0x08000838   0x08000838   0x00000008   Code   RO          481    i.system_clock_config  system_gd32f10x.o
    0x08000840   0x08000840   0x00000028   Code   RO         2335    i.systick_clksource_set  gd32f10x_misc.o
    0x08000868   0x08000868   0x00000044   Code   RO          429    i.systick_config    systick.o
    0x080008ac   0x080008ac   0x00000020   Data   RO         4095    Region$$Table       anon$$obj.o


    Execution Region RW_IRAM1 (Exec base: 0x20000000, Load base: 0x080008cc, Size: 0x00002010, Max: 0x00010000, ABSOLUTE)

    Exec Addr    Load Addr    Size         Type   Attr      Idx    E Section Name        Object

    0x20000000   0x080008cc   0x00000008   Data   RW          430    .data               systick.o
    0x20000008   0x080008d4   0x00000004   Data   RW          482    .data               system_gd32f10x.o
    0x2000000c   0x080008d8   0x00000004   PAD
    0x20000010        -       0x00002000   Zero   RW         4044    STACK               startup_gd32f10x_md.o


==============================================================================

Image component sizes


      Code (inc. data)   RO Data    RW Data    ZI Data      Debug   Object Name

       198          0          0          0          0       2046   gd32f10x_gpio.o
        26          0          0          0          0      35542   gd32f10x_it.o
        40          0          0          0          0        544   gd32f10x_misc.o
        56         10          0          0          0       1061   gd32f10x_rcu.o
        44          0          0          0          0        934   implement.o
        14          0          0          0          0        467   main.o
        86          0          0          0          0       1095   mcp4725.o
       416         28          0          0          0       3556   myiic.o
        36          8        260          0       8192        812   startup_gd32f10x_md.o
       304         30          0          4          0       1771   system_gd32f10x.o
       260         34          0          8          0       1841   systick.o

    ----------------------------------------------------------------------
      1484        110        292         12       8196      49669   Object Totals
         0          0         32          0          0          0   (incl. Generated)
         4          0          0          0          4          0   (incl. Padding)

    ----------------------------------------------------------------------

      Code (inc. data)   RO Data    RW Data    ZI Data      Debug   Library Member Name

         0          0          0          0          0          0   entry.o
         0          0          0          0          0          0   entry10a.o
         0          0          0          0          0          0   entry11a.o
         4          0          0          0          0          0   entry12b.o
         8          4          0          0          0          0   entry2.o
         4          0          0          0          0          0   entry5.o
         0          0          0          0          0          0   entry7b.o
         0          0          0          0          0          0   entry8b.o
         8          4          0          0          0          0   entry9a.o
        30          0          0          0          0          0   handlers.o
        36          8          0          0          0         68   init.o
         0          0          0          0          0          0   iusefp.o
       124          0          0          0          0         88   fdiv.o
       110          0          0          0          0        168   fepilogue.o
        40          0          0          0          0         68   ffixui.o
        10          0          0          0          0         68   ffltui.o
       100          0          0          0          0         76   fmul.o

    ----------------------------------------------------------------------
       476         16          0          0          0        536   Library Totals
         2          0          0          0          0          0   (incl. Padding)

    ----------------------------------------------------------------------

      Code (inc. data)   RO Data    RW Data    ZI Data      Debug   Library Name

        90         16          0          0          0         68   mc_w.l
       384          0          0          0          0        468   mf_w.l

    ----------------------------------------------------------------------
       476         16          0          0          0        536   Library Totals

    ----------------------------------------------------------------------

==============================================================================


      Code (inc. data)   RO Data    RW Data    ZI Data      Debug   

      1960        126        292         12       8196      48589   Grand Totals
      1960        126        292         12       8196      48589   ELF Image Totals
      1960        126        292         12          0          0   ROM Totals

==============================================================================

    Total RO  Size (Code + RO Data)                 2252 (   2.20kB)
    Total RW  Size (RW Data + ZI Data)              8208 (   8.02kB)
    Total ROM Size (Code + RO Data + RW Data)       2264 (   2.21kB)

==============================================================================

