<html>
<body>
<pre>
<h1>µVision Build Log</h1>
<h2>Tool Versions:</h2>
IDE-Version: ¶ÃVision V5.34.0.0
Copyright (C) 2021 ARM Ltd and ARM Germany GmbH. All rights reserved.
License Information: 123 Administrator, 456, LIC=QF82M-XJG31-DYIV3-AEUPN-C7LGY-Z7RVS
 
Tool Versions:
Toolchain:       MDK-ARM Plus  Version: 5.34.0.0
Toolchain Path:  D:\SOFTWARE\Keil\ARM\ARMCC\Bin
C Compiler:      Armcc.exe V5.06 update 7 (build 960)
Assembler:       Armasm.exe V5.06 update 7 (build 960)
Linker/Locator:  ArmLink.exe V5.06 update 7 (build 960)
Library Manager: ArmAr.exe V5.06 update 7 (build 960)
Hex Converter:   FromElf.exe V5.06 update 7 (build 960)
CPU DLL:         SARMCM3.DLL V5.34.0.0
Dialog DLL:      DCM.DLL V1.17.3.0
Target DLL:      STLink\ST-LINKIII-KEIL_SWO.dll V3.0.8.0
Dialog DLL:      TCM.DLL V1.48.0.0
 
<h2>Project:</h2>
C:\Users\Administrator\Desktop\GD32modbus–≠“Èƒ£∞Â\project\template.uvprojx
Project File Date:  08/15/2023

<h2>Output:</h2>
*** Using Compiler 'V5.06 update 7 (build 960)', folder: 'D:\SOFTWARE\Keil\ARM\ARMCC\Bin'
Rebuild target 'Template'
compiling Delay.c...
compiling Implement.c...
compiling Sht30.c...
compiling ANIIC0.c...
compiling USART0.c...
compiling gd32f10x_it.c...
compiling main.c...
compiling system_gd32f10x.c...
compiling systick.c...
compiling gd32f10x_bkp.c...
compiling gd32f10x_crc.c...
compiling gd32f10x_adc.c...
compiling gd32f10x_dac.c...
compiling gd32f10x_can.c...
compiling gd32f10x_dbg.c...
compiling gd32f10x_enet.c...
compiling gd32f10x_dma.c...
compiling gd32f10x_fwdgt.c...
compiling gd32f10x_exti.c...
compiling gd32f10x_exmc.c...
compiling gd32f10x_fmc.c...
compiling gd32f10x_gpio.c...
compiling gd32f10x_i2c.c...
compiling gd32f10x_misc.c...
compiling gd32f10x_pmu.c...
compiling gd32f10x_rtc.c...
compiling gd32f10x_rcu.c...
assembling startup_gd32f10x_md.s...
compiling gd32f10x_sdio.c...
compiling jansson_config.c...
compiling gd32f10x_wwdgt.c...
compiling gd32f10x_spi.c...
compiling gd32f10x_usart.c...
compiling gd32f10x_timer.c...
linking...
Program Size: Code=3480 RO-data=292 RW-data=20 ZI-data=8196  
FromELF: creating hex file...
".\Objects\template.axf" - 0 Error(s), 0 Warning(s).

<h2>Software Packages used:</h2>

Package Vendor: GigaDevice
                http://gd32mcu.com/data/documents/pack/GigaDevice.GD32F10x_DFP.2.0.2.pack
                GigaDevice.GD32F10x_DFP.2.0.2
                GigaDevice GD32F10x Series Device Support and Examples

Package Vendor: Keil
                http://www.keil.com/pack/Keil.Jansson.1.0.0.pack
                Keil.Jansson.1.0.0
                Jansson is a C library for encoding, decoding and manipulating JSON data
   * Component: Jansson Version: 2.7.0

<h2>Collection of Component include folders:</h2>
  .\RTE\_Template
  D:\SOFTWARE\Keil\GigaDevice\GD32F10x_DFP\2.0.2\Device\Include
  D:\SOFTWARE\Keil\Keil\Jansson\1.0.0\src

<h2>Collection of Component Files used:</h2>

   * Component: Keil::Data Exchange:JSON:Jansson:2.7.0
      Include file:  src\jansson.h
      Source file:   src\jansson_config.c
      Library file:  lib\jansson_CM3LE.lib
Build Time Elapsed:  00:00:03
</pre>
</body>
</html>
